../Core/Src/main.c:77:13:buf_init	16	static
../Core/Src/main.c:83:13:buf_push	56	static
../Core/Src/main.c:101:13:buf_pop	32	static
../Core/Src/main.c:127:13:is_button_active	8	static
../Core/Src/main.c:131:13:set_green_led	16	static
../Core/Src/main.c:133:13:set_yellow_led	16	static
../Core/Src/main.c:135:13:set_red_led	16	static
../Core/Src/main.c:144:13:update_button_state	16	static
../Core/Src/main.c:177:6:enable_interrupt	16	static
../Core/Src/main.c:182:6:disable_interrupt	16	static
../Core/Src/main.c:188:6:transmit_uart	24	static
../Core/Src/main.c:201:6:transmit_uart_nl	24	static
../Core/Src/main.c:206:6:receive_uart	24	static
../Core/Src/main.c:225:6:HAL_UART_RxCpltCallback	16	static
../Core/Src/main.c:230:6:HAL_UART_TxCpltCallback	1040	static
../Core/Src/main.c:254:5:main	160	static
../Core/Src/main.c:455:6:SystemClock_Config	88	static
../Core/Src/main.c:498:6:Error_Handler	4	static
