Archive member included to satisfy reference by file (symbol)

d:/itmo/4 year/pvs/stm32cubeide_1.9.0/stm32cubeide/plugins/com.st.stm32cube.ide.mcu.externaltools.gnu-tools-for-stm32.10.3-2021.10.win32_1.0.0.202111181127/tools/bin/../lib/gcc/arm-none-eabi/10.3.1/../../../../arm-none-eabi/lib/thumb/v7e-m+fp/hard\libc_nano.a(lib_a-errno.o)
                              ./Core/Src/syscalls.o (__errno)
d:/itmo/4 year/pvs/stm32cubeide_1.9.0/stm32cubeide/plugins/com.st.stm32cube.ide.mcu.externaltools.gnu-tools-for-stm32.10.3-2021.10.win32_1.0.0.202111181127/tools/bin/../lib/gcc/arm-none-eabi/10.3.1/../../../../arm-none-eabi/lib/thumb/v7e-m+fp/hard\libc_nano.a(lib_a-exit.o)
                              d:/itmo/4 year/pvs/stm32cubeide_1.9.0/stm32cubeide/plugins/com.st.stm32cube.ide.mcu.externaltools.gnu-tools-for-stm32.10.3-2021.10.win32_1.0.0.202111181127/tools/bin/../lib/gcc/arm-none-eabi/10.3.1/../../../../arm-none-eabi/lib/thumb/v7e-m+fp/hard/crt0.o (exit)
d:/itmo/4 year/pvs/stm32cubeide_1.9.0/stm32cubeide/plugins/com.st.stm32cube.ide.mcu.externaltools.gnu-tools-for-stm32.10.3-2021.10.win32_1.0.0.202111181127/tools/bin/../lib/gcc/arm-none-eabi/10.3.1/../../../../arm-none-eabi/lib/thumb/v7e-m+fp/hard\libc_nano.a(lib_a-impure.o)
                              d:/itmo/4 year/pvs/stm32cubeide_1.9.0/stm32cubeide/plugins/com.st.stm32cube.ide.mcu.externaltools.gnu-tools-for-stm32.10.3-2021.10.win32_1.0.0.202111181127/tools/bin/../lib/gcc/arm-none-eabi/10.3.1/../../../../arm-none-eabi/lib/thumb/v7e-m+fp/hard\libc_nano.a(lib_a-exit.o) (_global_impure_ptr)
d:/itmo/4 year/pvs/stm32cubeide_1.9.0/stm32cubeide/plugins/com.st.stm32cube.ide.mcu.externaltools.gnu-tools-for-stm32.10.3-2021.10.win32_1.0.0.202111181127/tools/bin/../lib/gcc/arm-none-eabi/10.3.1/../../../../arm-none-eabi/lib/thumb/v7e-m+fp/hard\libc_nano.a(lib_a-init.o)
                              d:/itmo/4 year/pvs/stm32cubeide_1.9.0/stm32cubeide/plugins/com.st.stm32cube.ide.mcu.externaltools.gnu-tools-for-stm32.10.3-2021.10.win32_1.0.0.202111181127/tools/bin/../lib/gcc/arm-none-eabi/10.3.1/../../../../arm-none-eabi/lib/thumb/v7e-m+fp/hard/crt0.o (__libc_init_array)
d:/itmo/4 year/pvs/stm32cubeide_1.9.0/stm32cubeide/plugins/com.st.stm32cube.ide.mcu.externaltools.gnu-tools-for-stm32.10.3-2021.10.win32_1.0.0.202111181127/tools/bin/../lib/gcc/arm-none-eabi/10.3.1/../../../../arm-none-eabi/lib/thumb/v7e-m+fp/hard\libc_nano.a(lib_a-memset.o)
                              d:/itmo/4 year/pvs/stm32cubeide_1.9.0/stm32cubeide/plugins/com.st.stm32cube.ide.mcu.externaltools.gnu-tools-for-stm32.10.3-2021.10.win32_1.0.0.202111181127/tools/bin/../lib/gcc/arm-none-eabi/10.3.1/../../../../arm-none-eabi/lib/thumb/v7e-m+fp/hard/crt0.o (memset)
d:/itmo/4 year/pvs/stm32cubeide_1.9.0/stm32cubeide/plugins/com.st.stm32cube.ide.mcu.externaltools.gnu-tools-for-stm32.10.3-2021.10.win32_1.0.0.202111181127/tools/bin/../lib/gcc/arm-none-eabi/10.3.1/thumb/v7e-m+fp/hard\libgcc.a(_aeabi_uldivmod.o)
                              ./Drivers/STM32F4xx_HAL_Driver/Src/stm32f4xx_hal_rcc.o (__aeabi_uldivmod)
d:/itmo/4 year/pvs/stm32cubeide_1.9.0/stm32cubeide/plugins/com.st.stm32cube.ide.mcu.externaltools.gnu-tools-for-stm32.10.3-2021.10.win32_1.0.0.202111181127/tools/bin/../lib/gcc/arm-none-eabi/10.3.1/thumb/v7e-m+fp/hard\libgcc.a(_udivmoddi4.o)
                              d:/itmo/4 year/pvs/stm32cubeide_1.9.0/stm32cubeide/plugins/com.st.stm32cube.ide.mcu.externaltools.gnu-tools-for-stm32.10.3-2021.10.win32_1.0.0.202111181127/tools/bin/../lib/gcc/arm-none-eabi/10.3.1/thumb/v7e-m+fp/hard\libgcc.a(_aeabi_uldivmod.o) (__udivmoddi4)
d:/itmo/4 year/pvs/stm32cubeide_1.9.0/stm32cubeide/plugins/com.st.stm32cube.ide.mcu.externaltools.gnu-tools-for-stm32.10.3-2021.10.win32_1.0.0.202111181127/tools/bin/../lib/gcc/arm-none-eabi/10.3.1/thumb/v7e-m+fp/hard\libgcc.a(_dvmd_tls.o)
                              d:/itmo/4 year/pvs/stm32cubeide_1.9.0/stm32cubeide/plugins/com.st.stm32cube.ide.mcu.externaltools.gnu-tools-for-stm32.10.3-2021.10.win32_1.0.0.202111181127/tools/bin/../lib/gcc/arm-none-eabi/10.3.1/thumb/v7e-m+fp/hard\libgcc.a(_aeabi_uldivmod.o) (__aeabi_ldiv0)

Discarded input sections

 .text          0x0000000000000000        0x0 d:/itmo/4 year/pvs/stm32cubeide_1.9.0/stm32cubeide/plugins/com.st.stm32cube.ide.mcu.externaltools.gnu-tools-for-stm32.10.3-2021.10.win32_1.0.0.202111181127/tools/bin/../lib/gcc/arm-none-eabi/10.3.1/thumb/v7e-m+fp/hard/crti.o
 .data          0x0000000000000000        0x0 d:/itmo/4 year/pvs/stm32cubeide_1.9.0/stm32cubeide/plugins/com.st.stm32cube.ide.mcu.externaltools.gnu-tools-for-stm32.10.3-2021.10.win32_1.0.0.202111181127/tools/bin/../lib/gcc/arm-none-eabi/10.3.1/thumb/v7e-m+fp/hard/crti.o
 .bss           0x0000000000000000        0x0 d:/itmo/4 year/pvs/stm32cubeide_1.9.0/stm32cubeide/plugins/com.st.stm32cube.ide.mcu.externaltools.gnu-tools-for-stm32.10.3-2021.10.win32_1.0.0.202111181127/tools/bin/../lib/gcc/arm-none-eabi/10.3.1/thumb/v7e-m+fp/hard/crti.o
[...]
Memory Configuration

Name             Origin             Length             Attributes
CCMRAM           0x0000000010000000 0x0000000000010000 xrw
RAM              0x0000000020000000 0x0000000000030000 xrw
FLASH            0x0000000008000000 0x0000000000200000 xr
*default*        0x0000000000000000 0xffffffffffffffff

Linker script and memory map

LOAD d:/itmo/4 year/pvs/stm32cubeide_1.9.0/stm32cubeide/plugins/com.st.stm32cube.ide.mcu.externaltools.gnu-tools-for-stm32.10.3-2021.10.win32_1.0.0.202111181127/tools/bin/../lib/gcc/arm-none-eabi/10.3.1/thumb/v7e-m+fp/hard/crti.o
LOAD d:/itmo/4 year/pvs/stm32cubeide_1.9.0/stm32cubeide/plugins/com.st.stm32cube.ide.mcu.externaltools.gnu-tools-for-stm32.10.3-2021.10.win32_1.0.0.202111181127/tools/bin/../lib/gcc/arm-none-eabi/10.3.1/thumb/v7e-m+fp/hard/crtbegin.o
LOAD d:/itmo/4 year/pvs/stm32cubeide_1.9.0/stm32cubeide/plugins/com.st.stm32cube.ide.mcu.externaltools.gnu-tools-for-stm32.10.3-2021.10.win32_1.0.0.202111181127/tools/bin/../lib/gcc/arm-none-eabi/10.3.1/../../../../arm-none-eabi/lib/thumb/v7e-m+fp/hard/crt0.o
LOAD ./Core/Src/gpio.o
LOAD ./Core/Src/main.o
LOAD ./Core/Src/stm32f4xx_hal_msp.o
LOAD ./Core/Src/stm32f4xx_it.o
LOAD ./Core/Src/syscalls.o
LOAD ./Core/Src/sysmem.o
LOAD ./Core/Src/system_stm32f4xx.o
LOAD ./Core/Startup/startup_stm32f427vitx.o
LOAD ./Drivers/STM32F4xx_HAL_Driver/Src/stm32f4xx_hal.o
LOAD ./Drivers/STM32F4xx_HAL_Driver/Src/stm32f4xx_hal_cortex.o
LOAD ./Drivers/STM32F4xx_HAL_Driver/Src/stm32f4xx_hal_dma.o
LOAD ./Drivers/STM32F4xx_HAL_Driver/Src/stm32f4xx_hal_dma_ex.o
LOAD ./Drivers/STM32F4xx_HAL_Driver/Src/stm32f4xx_hal_exti.o
LOAD ./Drivers/STM32F4xx_HAL_Driver/Src/stm32f4xx_hal_flash.o
LOAD ./Drivers/STM32F4xx_HAL_Driver/Src/stm32f4xx_hal_flash_ex.o
LOAD ./Drivers/STM32F4xx_HAL_Driver/Src/stm32f4xx_hal_flash_ramfunc.o
LOAD ./Drivers/STM32F4xx_HAL_Driver/Src/stm32f4xx_hal_gpio.o
LOAD ./Drivers/STM32F4xx_HAL_Driver/Src/stm32f4xx_hal_pwr.o
LOAD ./Drivers/STM32F4xx_HAL_Driver/Src/stm32f4xx_hal_pwr_ex.o
LOAD ./Drivers/STM32F4xx_HAL_Driver/Src/stm32f4xx_hal_rcc.o
LOAD ./Drivers/STM32F4xx_HAL_Driver/Src/stm32f4xx_hal_rcc_ex.o
LOAD ./Drivers/STM32F4xx_HAL_Driver/Src/stm32f4xx_hal_tim.o
LOAD ./Drivers/STM32F4xx_HAL_Driver/Src/stm32f4xx_hal_tim_ex.o
START GROUP
LOAD d:/itmo/4 year/pvs/stm32cubeide_1.9.0/stm32cubeide/plugins/com.st.stm32cube.ide.mcu.externaltools.gnu-tools-for-stm32.10.3-2021.10.win32_1.0.0.202111181127/tools/bin/../lib/gcc/arm-none-eabi/10.3.1/../../../../arm-none-eabi/lib/thumb/v7e-m+fp/hard\libc_nano.a
LOAD d:/itmo/4 year/pvs/stm32cubeide_1.9.0/stm32cubeide/plugins/com.st.stm32cube.ide.mcu.externaltools.gnu-tools-for-stm32.10.3-2021.10.win32_1.0.0.202111181127/tools/bin/../lib/gcc/arm-none-eabi/10.3.1/../../../../arm-none-eabi/lib/thumb/v7e-m+fp/hard\libm.a
END GROUP
START GROUP
LOAD d:/itmo/4 year/pvs/stm32cubeide_1.9.0/stm32cubeide/plugins/com.st.stm32cube.ide.mcu.externaltools.gnu-tools-for-stm32.10.3-2021.10.win32_1.0.0.202111181127/tools/bin/../lib/gcc/arm-none-eabi/10.3.1/thumb/v7e-m+fp/hard\libgcc.a
LOAD d:/itmo/4 year/pvs/stm32cubeide_1.9.0/stm32cubeide/plugins/com.st.stm32cube.ide.mcu.externaltools.gnu-tools-for-stm32.10.3-2021.10.win32_1.0.0.202111181127/tools/bin/../lib/gcc/arm-none-eabi/10.3.1/../../../../arm-none-eabi/lib/thumb/v7e-m+fp/hard\libc_nano.a
END GROUP
START GROUP
LOAD d:/itmo/4 year/pvs/stm32cubeide_1.9.0/stm32cubeide/plugins/com.st.stm32cube.ide.mcu.externaltools.gnu-tools-for-stm32.10.3-2021.10.win32_1.0.0.202111181127/tools/bin/../lib/gcc/arm-none-eabi/10.3.1/thumb/v7e-m+fp/hard\libgcc.a
LOAD d:/itmo/4 year/pvs/stm32cubeide_1.9.0/stm32cubeide/plugins/com.st.stm32cube.ide.mcu.externaltools.gnu-tools-for-stm32.10.3-2021.10.win32_1.0.0.202111181127/tools/bin/../lib/gcc/arm-none-eabi/10.3.1/../../../../arm-none-eabi/lib/thumb/v7e-m+fp/hard\libc_nano.a
LOAD d:/itmo/4 year/pvs/stm32cubeide_1.9.0/stm32cubeide/plugins/com.st.stm32cube.ide.mcu.externaltools.gnu-tools-for-stm32.10.3-2021.10.win32_1.0.0.202111181127/tools/bin/../lib/gcc/arm-none-eabi/10.3.1/../../../../arm-none-eabi/lib/thumb/v7e-m+fp/hard\libnosys.a
END GROUP
START GROUP
LOAD d:/itmo/4 year/pvs/stm32cubeide_1.9.0/stm32cubeide/plugins/com.st.stm32cube.ide.mcu.externaltools.gnu-tools-for-stm32.10.3-2021.10.win32_1.0.0.202111181127/tools/bin/../lib/gcc/arm-none-eabi/10.3.1/thumb/v7e-m+fp/hard\libgcc.a
LOAD d:/itmo/4 year/pvs/stm32cubeide_1.9.0/stm32cubeide/plugins/com.st.stm32cube.ide.mcu.externaltools.gnu-tools-for-stm32.10.3-2021.10.win32_1.0.0.202111181127/tools/bin/../lib/gcc/arm-none-eabi/10.3.1/../../../../arm-none-eabi/lib/thumb/v7e-m+fp/hard\libc_nano.a
LOAD d:/itmo/4 year/pvs/stm32cubeide_1.9.0/stm32cubeide/plugins/com.st.stm32cube.ide.mcu.externaltools.gnu-tools-for-stm32.10.3-2021.10.win32_1.0.0.202111181127/tools/bin/../lib/gcc/arm-none-eabi/10.3.1/../../../../arm-none-eabi/lib/thumb/v7e-m+fp/hard\libnosys.a
END GROUP
LOAD d:/itmo/4 year/pvs/stm32cubeide_1.9.0/stm32cubeide/plugins/com.st.stm32cube.ide.mcu.externaltools.gnu-tools-for-stm32.10.3-2021.10.win32_1.0.0.202111181127/tools/bin/../lib/gcc/arm-none-eabi/10.3.1/thumb/v7e-m+fp/hard/crtend.o
LOAD d:/itmo/4 year/pvs/stm32cubeide_1.9.0/stm32cubeide/plugins/com.st.stm32cube.ide.mcu.externaltools.gnu-tools-for-stm32.10.3-2021.10.win32_1.0.0.202111181127/tools/bin/../lib/gcc/arm-none-eabi/10.3.1/thumb/v7e-m+fp/hard/crtn.o
                0x0000000020030000                _estack = (ORIGIN (RAM) + LENGTH (RAM))
                0x0000000000000200                _Min_Heap_Size = 0x200
                0x0000000000000400                _Min_Stack_Size = 0x400

.isr_vector     0x0000000008000000      0x1ac
                0x0000000008000000                . = ALIGN (0x4)
 *(.isr_vector)
 .isr_vector    0x0000000008000000      0x1ac ./Core/Startup/startup_stm32f427vitx.o
                0x0000000008000000                g_pfnVectors
                0x00000000080001ac                . = ALIGN (0x4)

.text           0x00000000080001ac     0x1894
                0x00000000080001ac                . = ALIGN (0x4)
 *(.text)
 .text          0x00000000080001ac       0x40 d:/itmo/4 year/pvs/stm32cubeide_1.9.0/stm32cubeide/plugins/com.st.stm32cube.ide.mcu.externaltools.gnu-tools-for-stm32.10.3-2021.10.win32_1.0.0.202111181127/tools/bin/../lib/gcc/arm-none-eabi/10.3.1/thumb/v7e-m+fp/hard/crtbegin.o
 .text          0x00000000080001ec       0x30 d:/itmo/4 year/pvs/stm32cubeide_1.9.0/stm32cubeide/plugins/com.st.stm32cube.ide.mcu.externaltools.gnu-tools-for-stm32.10.3-2021.10.win32_1.0.0.202111181127/tools/bin/../lib/gcc/arm-none-eabi/10.3.1/thumb/v7e-m+fp/hard\libgcc.a(_aeabi_uldivmod.o)
                0x00000000080001ec                __aeabi_uldivmod
 .text          0x000000000800021c      0x2d0 d:/itmo/4 year/pvs/stm32cubeide_1.9.0/stm32cubeide/plugins/com.st.stm32cube.ide.mcu.externaltools.gnu-tools-for-stm32.10.3-2021.10.win32_1.0.0.202111181127/tools/bin/../lib/gcc/arm-none-eabi/10.3.1/thumb/v7e-m+fp/hard\libgcc.a(_udivmoddi4.o)
                0x000000000800021c                __udivmoddi4
 .text          0x00000000080004ec        0x4 d:/itmo/4 year/pvs/stm32cubeide_1.9.0/stm32cubeide/plugins/com.st.stm32cube.ide.mcu.externaltools.gnu-tools-for-stm32.10.3-2021.10.win32_1.0.0.202111181127/tools/bin/../lib/gcc/arm-none-eabi/10.3.1/thumb/v7e-m+fp/hard\libgcc.a(_dvmd_tls.o)
                0x00000000080004ec                __aeabi_idiv0
                0x00000000080004ec                __aeabi_ldiv0
 *(.text*)
 .text.MX_GPIO_Init
                0x00000000080004f0       0xfc ./Core/Src/gpio.o
                0x00000000080004f0                MX_GPIO_Init
 .text.overflow_animation.0
                0x00000000080005ec       0xe0 ./Core/Src/main.o
 .text.main     0x00000000080006cc      0x160 ./Core/Src/main.o
                0x00000000080006cc                main
 .text.SystemClock_Config
                0x000000000800082c       0xe0 ./Core/Src/main.o
                0x000000000800082c                SystemClock_Config
 .text.Error_Handler
                0x000000000800090c        0xa ./Core/Src/main.o
                0x000000000800090c                Error_Handler
 *fill*         0x0000000008000916        0x2 
 .text.HAL_MspInit
                0x0000000008000918       0x50 ./Core/Src/stm32f4xx_hal_msp.o
                0x0000000008000918                HAL_MspInit
 .text.NMI_Handler
                0x0000000008000968        0x6 ./Core/Src/stm32f4xx_it.o
                0x0000000008000968                NMI_Handler
 .text.HardFault_Handler
                0x000000000800096e        0x6 ./Core/Src/stm32f4xx_it.o
                0x000000000800096e                HardFault_Handler
 .text.MemManage_Handler
                0x0000000008000974        0x6 ./Core/Src/stm32f4xx_it.o
                0x0000000008000974                MemManage_Handler
 .text.BusFault_Handler
                0x000000000800097a        0x6 ./Core/Src/stm32f4xx_it.o
                0x000000000800097a                BusFault_Handler
 .text.UsageFault_Handler
                0x0000000008000980        0x6 ./Core/Src/stm32f4xx_it.o
                0x0000000008000980                UsageFault_Handler
 .text.SVC_Handler
                0x0000000008000986        0xe ./Core/Src/stm32f4xx_it.o
                0x0000000008000986                SVC_Handler
 .text.DebugMon_Handler
                0x0000000008000994        0xe ./Core/Src/stm32f4xx_it.o
                0x0000000008000994                DebugMon_Handler
 .text.PendSV_Handler
                0x00000000080009a2        0xe ./Core/Src/stm32f4xx_it.o
                0x00000000080009a2                PendSV_Handler
 .text.SysTick_Handler
                0x00000000080009b0        0xc ./Core/Src/stm32f4xx_it.o
                0x00000000080009b0                SysTick_Handler
 .text.SystemInit
                0x00000000080009bc       0x24 ./Core/Src/system_stm32f4xx.o
                0x00000000080009bc                SystemInit
 .text.Reset_Handler
                0x00000000080009e0       0x50 ./Core/Startup/startup_stm32f427vitx.o
                0x00000000080009e0                Reset_Handler
 .text.Default_Handler
                0x0000000008000a30        0x2 ./Core/Startup/startup_stm32f427vitx.o
                0x0000000008000a30                RTC_Alarm_IRQHandler
                0x0000000008000a30                HASH_RNG_IRQHandler
                0x0000000008000a30                EXTI2_IRQHandler
                0x0000000008000a30                TIM8_CC_IRQHandler
                0x0000000008000a30                UART8_IRQHandler
                0x0000000008000a30                SPI4_IRQHandler
                0x0000000008000a30                TIM1_CC_IRQHandler
                0x0000000008000a30                DMA2_Stream5_IRQHandler
                0x0000000008000a30                DMA1_Stream5_IRQHandler
                0x0000000008000a30                PVD_IRQHandler
                0x0000000008000a30                SDIO_IRQHandler
                0x0000000008000a30                TAMP_STAMP_IRQHandler
                0x0000000008000a30                CAN2_RX1_IRQHandler
                0x0000000008000a30                EXTI3_IRQHandler
                0x0000000008000a30                TIM8_TRG_COM_TIM14_IRQHandler
                0x0000000008000a30                TIM1_UP_TIM10_IRQHandler
                0x0000000008000a30                TIM8_UP_TIM13_IRQHandler
                0x0000000008000a30                I2C3_ER_IRQHandler
                0x0000000008000a30                EXTI0_IRQHandler
                0x0000000008000a30                I2C2_EV_IRQHandler
                0x0000000008000a30                DMA1_Stream2_IRQHandler
                0x0000000008000a30                CAN1_RX0_IRQHandler
                0x0000000008000a30                FPU_IRQHandler
                0x0000000008000a30                OTG_HS_WKUP_IRQHandler
                0x0000000008000a30                CAN2_SCE_IRQHandler
                0x0000000008000a30                DMA2_Stream2_IRQHandler
                0x0000000008000a30                SPI1_IRQHandler
                0x0000000008000a30                TIM6_DAC_IRQHandler
                0x0000000008000a30                TIM1_BRK_TIM9_IRQHandler
                0x0000000008000a30                DCMI_IRQHandler
                0x0000000008000a30                CAN2_RX0_IRQHandler
                0x0000000008000a30                DMA2_Stream3_IRQHandler
                0x0000000008000a30                USART6_IRQHandler
                0x0000000008000a30                USART3_IRQHandler
                0x0000000008000a30                CAN1_RX1_IRQHandler
                0x0000000008000a30                UART5_IRQHandler
                0x0000000008000a30                DMA2_Stream0_IRQHandler
                0x0000000008000a30                TIM4_IRQHandler
                0x0000000008000a30                I2C1_EV_IRQHandler
                0x0000000008000a30                DMA1_Stream6_IRQHandler
                0x0000000008000a30                DMA1_Stream1_IRQHandler
                0x0000000008000a30                UART4_IRQHandler
                0x0000000008000a30                TIM3_IRQHandler
                0x0000000008000a30                RCC_IRQHandler
                0x0000000008000a30                TIM8_BRK_TIM12_IRQHandler
                0x0000000008000a30                Default_Handler
                0x0000000008000a30                EXTI15_10_IRQHandler
                0x0000000008000a30                ADC_IRQHandler
                0x0000000008000a30                DMA1_Stream7_IRQHandler
                0x0000000008000a30                SPI5_IRQHandler
                0x0000000008000a30                TIM7_IRQHandler
                0x0000000008000a30                CAN2_TX_IRQHandler
                0x0000000008000a30                TIM5_IRQHandler
                0x0000000008000a30                DMA2_Stream7_IRQHandler
                0x0000000008000a30                I2C3_EV_IRQHandler
                0x0000000008000a30                EXTI9_5_IRQHandler
                0x0000000008000a30                RTC_WKUP_IRQHandler
                0x0000000008000a30                ETH_WKUP_IRQHandler
                0x0000000008000a30                SPI2_IRQHandler
                0x0000000008000a30                OTG_HS_EP1_IN_IRQHandler
                0x0000000008000a30                DMA1_Stream0_IRQHandler
                0x0000000008000a30                CAN1_TX_IRQHandler
                0x0000000008000a30                EXTI4_IRQHandler
                0x0000000008000a30                ETH_IRQHandler
                0x0000000008000a30                OTG_HS_EP1_OUT_IRQHandler
                0x0000000008000a30                WWDG_IRQHandler
                0x0000000008000a30                SPI6_IRQHandler
                0x0000000008000a30                TIM2_IRQHandler
                0x0000000008000a30                OTG_FS_WKUP_IRQHandler
                0x0000000008000a30                TIM1_TRG_COM_TIM11_IRQHandler
                0x0000000008000a30                OTG_HS_IRQHandler
                0x0000000008000a30                DMA2D_IRQHandler
                0x0000000008000a30                EXTI1_IRQHandler
                0x0000000008000a30                UART7_IRQHandler
                0x0000000008000a30                USART2_IRQHandler
                0x0000000008000a30                I2C2_ER_IRQHandler
                0x0000000008000a30                DMA2_Stream1_IRQHandler
                0x0000000008000a30                CAN1_SCE_IRQHandler
                0x0000000008000a30                FLASH_IRQHandler
                0x0000000008000a30                DMA2_Stream4_IRQHandler
                0x0000000008000a30                USART1_IRQHandler
                0x0000000008000a30                OTG_FS_IRQHandler
                0x0000000008000a30                SPI3_IRQHandler
                0x0000000008000a30                DMA1_Stream4_IRQHandler
                0x0000000008000a30                I2C1_ER_IRQHandler
                0x0000000008000a30                FMC_IRQHandler
                0x0000000008000a30                DMA2_Stream6_IRQHandler
                0x0000000008000a30                SAI1_IRQHandler
                0x0000000008000a30                DMA1_Stream3_IRQHandler
 *fill*         0x0000000008000a32        0x2 
 .text.HAL_Init
                0x0000000008000a34       0x44 ./Drivers/STM32F4xx_HAL_Driver/Src/stm32f4xx_hal.o
                0x0000000008000a34                HAL_Init
 .text.HAL_InitTick
                0x0000000008000a78       0x60 ./Drivers/STM32F4xx_HAL_Driver/Src/stm32f4xx_hal.o
                0x0000000008000a78                HAL_InitTick
 .text.HAL_IncTick
                0x0000000008000ad8       0x28 ./Drivers/STM32F4xx_HAL_Driver/Src/stm32f4xx_hal.o
                0x0000000008000ad8                HAL_IncTick
 .text.HAL_GetTick
                0x0000000008000b00       0x18 ./Drivers/STM32F4xx_HAL_Driver/Src/stm32f4xx_hal.o
                0x0000000008000b00                HAL_GetTick
 .text.HAL_Delay
                0x0000000008000b18       0x48 ./Drivers/STM32F4xx_HAL_Driver/Src/stm32f4xx_hal.o
                0x0000000008000b18                HAL_Delay
 .text.__NVIC_SetPriorityGrouping
                0x0000000008000b60       0x48 ./Drivers/STM32F4xx_HAL_Driver/Src/stm32f4xx_hal_cortex.o
 .text.__NVIC_GetPriorityGrouping
                0x0000000008000ba8       0x1c ./Drivers/STM32F4xx_HAL_Driver/Src/stm32f4xx_hal_cortex.o
 .text.__NVIC_SetPriority
                0x0000000008000bc4       0x54 ./Drivers/STM32F4xx_HAL_Driver/Src/stm32f4xx_hal_cortex.o
 .text.NVIC_EncodePriority
                0x0000000008000c18       0x66 ./Drivers/STM32F4xx_HAL_Driver/Src/stm32f4xx_hal_cortex.o
 *fill*         0x0000000008000c7e        0x2 
 .text.SysTick_Config
                0x0000000008000c80       0x44 ./Drivers/STM32F4xx_HAL_Driver/Src/stm32f4xx_hal_cortex.o
 .text.HAL_NVIC_SetPriorityGrouping
                0x0000000008000cc4       0x16 ./Drivers/STM32F4xx_HAL_Driver/Src/stm32f4xx_hal_cortex.o
                0x0000000008000cc4                HAL_NVIC_SetPriorityGrouping
 .text.HAL_NVIC_SetPriority
                0x0000000008000cda       0x38 ./Drivers/STM32F4xx_HAL_Driver/Src/stm32f4xx_hal_cortex.o
                0x0000000008000cda                HAL_NVIC_SetPriority
 .text.HAL_SYSTICK_Config
                0x0000000008000d12       0x18 ./Drivers/STM32F4xx_HAL_Driver/Src/stm32f4xx_hal_cortex.o
                0x0000000008000d12                HAL_SYSTICK_Config
 *fill*         0x0000000008000d2a        0x2 
 .text.HAL_GPIO_Init
                0x0000000008000d2c      0x358 ./Drivers/STM32F4xx_HAL_Driver/Src/stm32f4xx_hal_gpio.o
                0x0000000008000d2c                HAL_GPIO_Init
 .text.HAL_GPIO_ReadPin
                0x0000000008001084       0x30 ./Drivers/STM32F4xx_HAL_Driver/Src/stm32f4xx_hal_gpio.o
                0x0000000008001084                HAL_GPIO_ReadPin
 .text.HAL_GPIO_WritePin
                0x00000000080010b4       0x32 ./Drivers/STM32F4xx_HAL_Driver/Src/stm32f4xx_hal_gpio.o
                0x00000000080010b4                HAL_GPIO_WritePin
 *fill*         0x00000000080010e6        0x2 
 .text.HAL_PWREx_EnableOverDrive
                0x00000000080010e8       0xa0 ./Drivers/STM32F4xx_HAL_Driver/Src/stm32f4xx_hal_pwr_ex.o
                0x00000000080010e8                HAL_PWREx_EnableOverDrive
 .text.HAL_RCC_OscConfig
                0x0000000008001188      0x4f0 ./Drivers/STM32F4xx_HAL_Driver/Src/stm32f4xx_hal_rcc.o
                0x0000000008001188                HAL_RCC_OscConfig
 .text.HAL_RCC_ClockConfig
                0x0000000008001678      0x1cc ./Drivers/STM32F4xx_HAL_Driver/Src/stm32f4xx_hal_rcc.o
                0x0000000008001678                HAL_RCC_ClockConfig
 .text.HAL_RCC_GetSysClockFreq
                0x0000000008001844      0x18c ./Drivers/STM32F4xx_HAL_Driver/Src/stm32f4xx_hal_rcc.o
                0x0000000008001844                HAL_RCC_GetSysClockFreq
 .text.__libc_init_array
                0x00000000080019d0       0x48 d:/itmo/4 year/pvs/stm32cubeide_1.9.0/stm32cubeide/plugins/com.st.stm32cube.ide.mcu.externaltools.gnu-tools-for-stm32.10.3-2021.10.win32_1.0.0.202111181127/tools/bin/../lib/gcc/arm-none-eabi/10.3.1/../../../../arm-none-eabi/lib/thumb/v7e-m+fp/hard\libc_nano.a(lib_a-init.o)
                0x00000000080019d0                __libc_init_array
 .text.memset   0x0000000008001a18       0x10 d:/itmo/4 year/pvs/stm32cubeide_1.9.0/stm32cubeide/plugins/com.st.stm32cube.ide.mcu.externaltools.gnu-tools-for-stm32.10.3-2021.10.win32_1.0.0.202111181127/tools/bin/../lib/gcc/arm-none-eabi/10.3.1/../../../../arm-none-eabi/lib/thumb/v7e-m+fp/hard\libc_nano.a(lib_a-memset.o)
                0x0000000008001a18                memset
 *(.glue_7)
 .glue_7        0x0000000008001a28        0x0 linker stubs
 *(.glue_7t)
 .glue_7t       0x0000000008001a28        0x0 linker stubs
 *(.eh_frame)
 .eh_frame      0x0000000008001a28        0x0 d:/itmo/4 year/pvs/stm32cubeide_1.9.0/stm32cubeide/plugins/com.st.stm32cube.ide.mcu.externaltools.gnu-tools-for-stm32.10.3-2021.10.win32_1.0.0.202111181127/tools/bin/../lib/gcc/arm-none-eabi/10.3.1/thumb/v7e-m+fp/hard/crtbegin.o
 *(.init)
 .init          0x0000000008001a28        0x4 d:/itmo/4 year/pvs/stm32cubeide_1.9.0/stm32cubeide/plugins/com.st.stm32cube.ide.mcu.externaltools.gnu-tools-for-stm32.10.3-2021.10.win32_1.0.0.202111181127/tools/bin/../lib/gcc/arm-none-eabi/10.3.1/thumb/v7e-m+fp/hard/crti.o
                0x0000000008001a28                _init
 .init          0x0000000008001a2c        0x8 d:/itmo/4 year/pvs/stm32cubeide_1.9.0/stm32cubeide/plugins/com.st.stm32cube.ide.mcu.externaltools.gnu-tools-for-stm32.10.3-2021.10.win32_1.0.0.202111181127/tools/bin/../lib/gcc/arm-none-eabi/10.3.1/thumb/v7e-m+fp/hard/crtn.o
 *(.fini)
 .fini          0x0000000008001a34        0x4 d:/itmo/4 year/pvs/stm32cubeide_1.9.0/stm32cubeide/plugins/com.st.stm32cube.ide.mcu.externaltools.gnu-tools-for-stm32.10.3-2021.10.win32_1.0.0.202111181127/tools/bin/../lib/gcc/arm-none-eabi/10.3.1/thumb/v7e-m+fp/hard/crti.o
                0x0000000008001a34                _fini
 .fini          0x0000000008001a38        0x8 d:/itmo/4 year/pvs/stm32cubeide_1.9.0/stm32cubeide/plugins/com.st.stm32cube.ide.mcu.externaltools.gnu-tools-for-stm32.10.3-2021.10.win32_1.0.0.202111181127/tools/bin/../lib/gcc/arm-none-eabi/10.3.1/thumb/v7e-m+fp/hard/crtn.o
                0x0000000008001a40                . = ALIGN (0x4)
                0x0000000008001a40                _etext = .

.vfp11_veneer   0x0000000008001a40        0x0
 .vfp11_veneer  0x0000000008001a40        0x0 linker stubs

.v4_bx          0x0000000008001a40        0x0
 .v4_bx         0x0000000008001a40        0x0 linker stubs

.iplt           0x0000000008001a40        0x0
 .iplt          0x0000000008001a40        0x0 d:/itmo/4 year/pvs/stm32cubeide_1.9.0/stm32cubeide/plugins/com.st.stm32cube.ide.mcu.externaltools.gnu-tools-for-stm32.10.3-2021.10.win32_1.0.0.202111181127/tools/bin/../lib/gcc/arm-none-eabi/10.3.1/thumb/v7e-m+fp/hard/crtbegin.o

.rodata         0x0000000008001a40       0x10
                0x0000000008001a40                . = ALIGN (0x4)
 *(.rodata)
 *(.rodata*)
 .rodata.AHBPrescTable
                0x0000000008001a40       0x10 ./Core/Src/system_stm32f4xx.o
                0x0000000008001a40                AHBPrescTable
                0x0000000008001a50                . = ALIGN (0x4)

.ARM.extab      0x0000000008001a50        0x0
                0x0000000008001a50                . = ALIGN (0x4)
 *(.ARM.extab* .gnu.linkonce.armextab.*)
                0x0000000008001a50                . = ALIGN (0x4)

.ARM            0x0000000008001a50        0x8
                0x0000000008001a50                . = ALIGN (0x4)
                0x0000000008001a50                __exidx_start = .
 *(.ARM.exidx*)
 .ARM.exidx     0x0000000008001a50        0x8 d:/itmo/4 year/pvs/stm32cubeide_1.9.0/stm32cubeide/plugins/com.st.stm32cube.ide.mcu.externaltools.gnu-tools-for-stm32.10.3-2021.10.win32_1.0.0.202111181127/tools/bin/../lib/gcc/arm-none-eabi/10.3.1/thumb/v7e-m+fp/hard\libgcc.a(_udivmoddi4.o)
                0x0000000008001a58                __exidx_end = .
                0x0000000008001a58                . = ALIGN (0x4)

.rel.dyn        0x0000000008001a58        0x0
 .rel.iplt      0x0000000008001a58        0x0 d:/itmo/4 year/pvs/stm32cubeide_1.9.0/stm32cubeide/plugins/com.st.stm32cube.ide.mcu.externaltools.gnu-tools-for-stm32.10.3-2021.10.win32_1.0.0.202111181127/tools/bin/../lib/gcc/arm-none-eabi/10.3.1/thumb/v7e-m+fp/hard/crtbegin.o

.preinit_array  0x0000000008001a58        0x0
                0x0000000008001a58                . = ALIGN (0x4)
                0x0000000008001a58                PROVIDE (__preinit_array_start = .)
 *(.preinit_array*)
                0x0000000008001a58                PROVIDE (__preinit_array_end = .)
                0x0000000008001a58                . = ALIGN (0x4)

.init_array     0x0000000008001a58        0x4
                0x0000000008001a58                . = ALIGN (0x4)
                0x0000000008001a58                PROVIDE (__init_array_start = .)
 *(SORT_BY_NAME(.init_array.*))
 *(.init_array*)
 .init_array    0x0000000008001a58        0x4 d:/itmo/4 year/pvs/stm32cubeide_1.9.0/stm32cubeide/plugins/com.st.stm32cube.ide.mcu.externaltools.gnu-tools-for-stm32.10.3-2021.10.win32_1.0.0.202111181127/tools/bin/../lib/gcc/arm-none-eabi/10.3.1/thumb/v7e-m+fp/hard/crtbegin.o
                0x0000000008001a5c                PROVIDE (__init_array_end = .)
                0x0000000008001a5c                . = ALIGN (0x4)

.fini_array     0x0000000008001a5c        0x4
                0x0000000008001a5c                . = ALIGN (0x4)
                [!provide]                        PROVIDE (__fini_array_start = .)
 *(SORT_BY_NAME(.fini_array.*))
 *(.fini_array*)
 .fini_array    0x0000000008001a5c        0x4 d:/itmo/4 year/pvs/stm32cubeide_1.9.0/stm32cubeide/plugins/com.st.stm32cube.ide.mcu.externaltools.gnu-tools-for-stm32.10.3-2021.10.win32_1.0.0.202111181127/tools/bin/../lib/gcc/arm-none-eabi/10.3.1/thumb/v7e-m+fp/hard/crtbegin.o
                [!provide]                        PROVIDE (__fini_array_end = .)
                0x0000000008001a60                . = ALIGN (0x4)
                0x0000000008001a60                _sidata = LOADADDR (.data)

.data           0x0000000020000000        0xc load address 0x0000000008001a60
                0x0000000020000000                . = ALIGN (0x4)
                0x0000000020000000                _sdata = .
 *(.data)
 *(.data*)
 .data.SystemCoreClock
                0x0000000020000000        0x4 ./Core/Src/system_stm32f4xx.o
                0x0000000020000000                SystemCoreClock
 .data.uwTickPrio
                0x0000000020000004        0x4 ./Drivers/STM32F4xx_HAL_Driver/Src/stm32f4xx_hal.o
                0x0000000020000004                uwTickPrio
 .data.uwTickFreq
                0x0000000020000008        0x1 ./Drivers/STM32F4xx_HAL_Driver/Src/stm32f4xx_hal.o
                0x0000000020000008                uwTickFreq
 *(.RamFunc)
 *(.RamFunc*)
                0x000000002000000c                . = ALIGN (0x4)
 *fill*         0x0000000020000009        0x3 
                0x000000002000000c                _edata = .
                0x0000000008001a6c                _siccmram = LOADADDR (.ccmram)

.igot.plt       0x000000002000000c        0x0 load address 0x0000000008001a6c
 .igot.plt      0x000000002000000c        0x0 d:/itmo/4 year/pvs/stm32cubeide_1.9.0/stm32cubeide/plugins/com.st.stm32cube.ide.mcu.externaltools.gnu-tools-for-stm32.10.3-2021.10.win32_1.0.0.202111181127/tools/bin/../lib/gcc/arm-none-eabi/10.3.1/thumb/v7e-m+fp/hard/crtbegin.o

.ccmram         0x0000000010000000        0x0 load address 0x0000000008001a6c
                0x0000000010000000                . = ALIGN (0x4)
                0x0000000010000000                _sccmram = .
 *(.ccmram)
 *(.ccmram*)
                0x0000000010000000                . = ALIGN (0x4)
                0x0000000010000000                _eccmram = .
                0x0000000010000000                . = ALIGN (0x4)

.bss            0x000000002000000c       0x20
                0x000000002000000c                _sbss = .
                0x000000002000000c                __bss_start__ = _sbss
 *(.bss)
 .bss           0x000000002000000c       0x1c d:/itmo/4 year/pvs/stm32cubeide_1.9.0/stm32cubeide/plugins/com.st.stm32cube.ide.mcu.externaltools.gnu-tools-for-stm32.10.3-2021.10.win32_1.0.0.202111181127/tools/bin/../lib/gcc/arm-none-eabi/10.3.1/thumb/v7e-m+fp/hard/crtbegin.o
 *(.bss*)
 .bss.uwTick    0x0000000020000028        0x4 ./Drivers/STM32F4xx_HAL_Driver/Src/stm32f4xx_hal.o
                0x0000000020000028                uwTick
 *(COMMON)
                0x000000002000002c                . = ALIGN (0x4)
                0x000000002000002c                _ebss = .
                0x000000002000002c                __bss_end__ = _ebss

._user_heap_stack
                0x000000002000002c      0x604
                0x0000000020000030                . = ALIGN (0x8)
 *fill*         0x000000002000002c        0x4 
                [!provide]                        PROVIDE (end = .)
                0x0000000020000030                PROVIDE (_end = .)
                0x0000000020000230                . = (. + _Min_Heap_Size)
 *fill*         0x0000000020000030      0x200 
                0x0000000020000630                . = (. + _Min_Stack_Size)
 *fill*         0x0000000020000230      0x400 
                0x0000000020000630                . = ALIGN (0x8)

/DISCARD/
 libc.a(*)
 libm.a(*)
 libgcc.a(*)

.ARM.attributes
                0x0000000000000000       0x30
 *(.ARM.attributes)
 .ARM.attributes
                0x0000000000000000       0x1e d:/itmo/4 year/pvs/stm32cubeide_1.9.0/stm32cubeide/plugins/com.st.stm32cube.ide.mcu.externaltools.gnu-tools-for-stm32.10.3-2021.10.win32_1.0.0.202111181127/tools/bin/../lib/gcc/arm-none-eabi/10.3.1/thumb/v7e-m+fp/hard/crti.o
 .ARM.attributes
                0x000000000000001e       0x34 d:/itmo/4 year/pvs/stm32cubeide_1.9.0/stm32cubeide/plugins/com.st.stm32cube.ide.mcu.externaltools.gnu-tools-for-stm32.10.3-2021.10.win32_1.0.0.202111181127/tools/bin/../lib/gcc/arm-none-eabi/10.3.1/thumb/v7e-m+fp/hard/crtbegin.o
 .ARM.attributes
                0x0000000000000052       0x34 ./Core/Src/gpio.o
 .ARM.attributes
                0x0000000000000086       0x34 ./Core/Src/main.o
 .ARM.attributes
                0x00000000000000ba       0x34 ./Core/Src/stm32f4xx_hal_msp.o
 .ARM.attributes
                0x00000000000000ee       0x34 ./Core/Src/stm32f4xx_it.o
 .ARM.attributes
                0x0000000000000122       0x34 ./Core/Src/system_stm32f4xx.o
 .ARM.attributes
                0x0000000000000156       0x21 ./Core/Startup/startup_stm32f427vitx.o
 .ARM.attributes
                0x0000000000000177       0x34 ./Drivers/STM32F4xx_HAL_Driver/Src/stm32f4xx_hal.o
 .ARM.attributes
                0x00000000000001ab       0x34 ./Drivers/STM32F4xx_HAL_Driver/Src/stm32f4xx_hal_cortex.o
 .ARM.attributes
                0x00000000000001df       0x34 ./Drivers/STM32F4xx_HAL_Driver/Src/stm32f4xx_hal_gpio.o
 .ARM.attributes
                0x0000000000000213       0x34 ./Drivers/STM32F4xx_HAL_Driver/Src/stm32f4xx_hal_pwr_ex.o
 .ARM.attributes
                0x0000000000000247       0x34 ./Drivers/STM32F4xx_HAL_Driver/Src/stm32f4xx_hal_rcc.o
 .ARM.attributes
                0x000000000000027b       0x34 d:/itmo/4 year/pvs/stm32cubeide_1.9.0/stm32cubeide/plugins/com.st.stm32cube.ide.mcu.externaltools.gnu-tools-for-stm32.10.3-2021.10.win32_1.0.0.202111181127/tools/bin/../lib/gcc/arm-none-eabi/10.3.1/../../../../arm-none-eabi/lib/thumb/v7e-m+fp/hard\libc_nano.a(lib_a-init.o)
 .ARM.attributes
                0x00000000000002af       0x34 d:/itmo/4 year/pvs/stm32cubeide_1.9.0/stm32cubeide/plugins/com.st.stm32cube.ide.mcu.externaltools.gnu-tools-for-stm32.10.3-2021.10.win32_1.0.0.202111181127/tools/bin/../lib/gcc/arm-none-eabi/10.3.1/../../../../arm-none-eabi/lib/thumb/v7e-m+fp/hard\libc_nano.a(lib_a-memset.o)
 .ARM.attributes
                0x00000000000002e3       0x1e d:/itmo/4 year/pvs/stm32cubeide_1.9.0/stm32cubeide/plugins/com.st.stm32cube.ide.mcu.externaltools.gnu-tools-for-stm32.10.3-2021.10.win32_1.0.0.202111181127/tools/bin/../lib/gcc/arm-none-eabi/10.3.1/thumb/v7e-m+fp/hard\libgcc.a(_aeabi_uldivmod.o)
 .ARM.attributes
                0x0000000000000301       0x34 d:/itmo/4 year/pvs/stm32cubeide_1.9.0/stm32cubeide/plugins/com.st.stm32cube.ide.mcu.externaltools.gnu-tools-for-stm32.10.3-2021.10.win32_1.0.0.202111181127/tools/bin/../lib/gcc/arm-none-eabi/10.3.1/thumb/v7e-m+fp/hard\libgcc.a(_udivmoddi4.o)
 .ARM.attributes
                0x0000000000000335       0x1e d:/itmo/4 year/pvs/stm32cubeide_1.9.0/stm32cubeide/plugins/com.st.stm32cube.ide.mcu.externaltools.gnu-tools-for-stm32.10.3-2021.10.win32_1.0.0.202111181127/tools/bin/../lib/gcc/arm-none-eabi/10.3.1/thumb/v7e-m+fp/hard\libgcc.a(_dvmd_tls.o)
 .ARM.attributes
                0x0000000000000353       0x1e d:/itmo/4 year/pvs/stm32cubeide_1.9.0/stm32cubeide/plugins/com.st.stm32cube.ide.mcu.externaltools.gnu-tools-for-stm32.10.3-2021.10.win32_1.0.0.202111181127/tools/bin/../lib/gcc/arm-none-eabi/10.3.1/thumb/v7e-m+fp/hard/crtn.o
OUTPUT(Lab_1.elf elf32-littlearm)
LOAD linker stubs
LOAD d:/itmo/4 year/pvs/stm32cubeide_1.9.0/stm32cubeide/plugins/com.st.stm32cube.ide.mcu.externaltools.gnu-tools-for-stm32.10.3-2021.10.win32_1.0.0.202111181127/tools/bin/../lib/gcc/arm-none-eabi/10.3.1/../../../../arm-none-eabi/lib/thumb/v7e-m+fp/hard\libc.a
LOAD d:/itmo/4 year/pvs/stm32cubeide_1.9.0/stm32cubeide/plugins/com.st.stm32cube.ide.mcu.externaltools.gnu-tools-for-stm32.10.3-2021.10.win32_1.0.0.202111181127/tools/bin/../lib/gcc/arm-none-eabi/10.3.1/../../../../arm-none-eabi/lib/thumb/v7e-m+fp/hard\libm.a
LOAD d:/itmo/4 year/pvs/stm32cubeide_1.9.0/stm32cubeide/plugins/com.st.stm32cube.ide.mcu.externaltools.gnu-tools-for-stm32.10.3-2021.10.win32_1.0.0.202111181127/tools/bin/../lib/gcc/arm-none-eabi/10.3.1/thumb/v7e-m+fp/hard\libgcc.a

.debug_info     0x0000000000000000     0x4556
 .debug_info    0x0000000000000000      0x4aa ./Core/Src/gpio.o
 .debug_info    0x00000000000004aa      0x74b ./Core/Src/main.o
 .debug_info    0x0000000000000bf5      0x2c4 ./Core/Src/stm32f4xx_hal_msp.o
 .debug_info    0x0000000000000eb9      0x121 ./Core/Src/stm32f4xx_it.o
 .debug_info    0x0000000000000fda      0x53f ./Core/Src/system_stm32f4xx.o
 .debug_info    0x0000000000001519       0x22 ./Core/Startup/startup_stm32f427vitx.o
 .debug_info    0x000000000000153b      0x9e8 ./Drivers/STM32F4xx_HAL_Driver/Src/stm32f4xx_hal.o
 .debug_info    0x0000000000001f23      0xe45 ./Drivers/STM32F4xx_HAL_Driver/Src/stm32f4xx_hal_cortex.o
 .debug_info    0x0000000000002d68      0x786 ./Drivers/STM32F4xx_HAL_Driver/Src/stm32f4xx_hal_gpio.o
 .debug_info    0x00000000000034ee      0x6e6 ./Drivers/STM32F4xx_HAL_Driver/Src/stm32f4xx_hal_pwr_ex.o
 .debug_info    0x0000000000003bd4      0x982 ./Drivers/STM32F4xx_HAL_Driver/Src/stm32f4xx_hal_rcc.o

.debug_abbrev   0x0000000000000000     0x115e
 .debug_abbrev  0x0000000000000000      0x146 ./Core/Src/gpio.o
 .debug_abbrev  0x0000000000000146      0x24e ./Core/Src/main.o
 .debug_abbrev  0x0000000000000394       0xd4 ./Core/Src/stm32f4xx_hal_msp.o
 .debug_abbrev  0x0000000000000468       0x74 ./Core/Src/stm32f4xx_it.o
 .debug_abbrev  0x00000000000004dc      0x116 ./Core/Src/system_stm32f4xx.o
 .debug_abbrev  0x00000000000005f2       0x12 ./Core/Startup/startup_stm32f427vitx.o
 .debug_abbrev  0x0000000000000604      0x20d ./Drivers/STM32F4xx_HAL_Driver/Src/stm32f4xx_hal.o
 .debug_abbrev  0x0000000000000811      0x316 ./Drivers/STM32F4xx_HAL_Driver/Src/stm32f4xx_hal_cortex.o
 .debug_abbrev  0x0000000000000b27      0x1c4 ./Drivers/STM32F4xx_HAL_Driver/Src/stm32f4xx_hal_gpio.o
 .debug_abbrev  0x0000000000000ceb      0x1c9 ./Drivers/STM32F4xx_HAL_Driver/Src/stm32f4xx_hal_pwr_ex.o
 .debug_abbrev  0x0000000000000eb4      0x2aa ./Drivers/STM32F4xx_HAL_Driver/Src/stm32f4xx_hal_rcc.o

.debug_aranges  0x0000000000000000      0x480
 .debug_aranges
                0x0000000000000000       0x20 ./Core/Src/gpio.o
 .debug_aranges
                0x0000000000000020       0x38 ./Core/Src/main.o
 .debug_aranges
                0x0000000000000058       0x20 ./Core/Src/stm32f4xx_hal_msp.o
 .debug_aranges
                0x0000000000000078       0x60 ./Core/Src/stm32f4xx_it.o
 .debug_aranges
                0x00000000000000d8       0x28 ./Core/Src/system_stm32f4xx.o
 .debug_aranges
                0x0000000000000100       0x28 ./Core/Startup/startup_stm32f427vitx.o
 .debug_aranges
                0x0000000000000128      0x100 ./Drivers/STM32F4xx_HAL_Driver/Src/stm32f4xx_hal.o
 .debug_aranges
                0x0000000000000228      0x118 ./Drivers/STM32F4xx_HAL_Driver/Src/stm32f4xx_hal_cortex.o
 .debug_aranges
                0x0000000000000340       0x58 ./Drivers/STM32F4xx_HAL_Driver/Src/stm32f4xx_hal_gpio.o
 .debug_aranges
                0x0000000000000398       0x60 ./Drivers/STM32F4xx_HAL_Driver/Src/stm32f4xx_hal_pwr_ex.o
 .debug_aranges
                0x00000000000003f8       0x88 ./Drivers/STM32F4xx_HAL_Driver/Src/stm32f4xx_hal_rcc.o

.debug_ranges   0x0000000000000000      0x3d8
 .debug_ranges  0x0000000000000000       0x10 ./Core/Src/gpio.o
 .debug_ranges  0x0000000000000010       0x28 ./Core/Src/main.o
 .debug_ranges  0x0000000000000038       0x10 ./Core/Src/stm32f4xx_hal_msp.o
 .debug_ranges  0x0000000000000048       0x50 ./Core/Src/stm32f4xx_it.o
 .debug_ranges  0x0000000000000098       0x18 ./Core/Src/system_stm32f4xx.o
 .debug_ranges  0x00000000000000b0       0x20 ./Core/Startup/startup_stm32f427vitx.o
 .debug_ranges  0x00000000000000d0       0xf0 ./Drivers/STM32F4xx_HAL_Driver/Src/stm32f4xx_hal.o
 .debug_ranges  0x00000000000001c0      0x108 ./Drivers/STM32F4xx_HAL_Driver/Src/stm32f4xx_hal_cortex.o
 .debug_ranges  0x00000000000002c8       0x48 ./Drivers/STM32F4xx_HAL_Driver/Src/stm32f4xx_hal_gpio.o
 .debug_ranges  0x0000000000000310       0x50 ./Drivers/STM32F4xx_HAL_Driver/Src/stm32f4xx_hal_pwr_ex.o
 .debug_ranges  0x0000000000000360       0x78 ./Drivers/STM32F4xx_HAL_Driver/Src/stm32f4xx_hal_rcc.o

.debug_macro    0x0000000000000000    0x21113
 .debug_macro   0x0000000000000000      0x1c4 ./Core/Src/gpio.o
 .debug_macro   0x00000000000001c4      0xa78 ./Core/Src/gpio.o
 .debug_macro   0x0000000000000c3c      0x28f ./Core/Src/gpio.o
 .debug_macro   0x0000000000000ecb       0x2e ./Core/Src/gpio.o
 .debug_macro   0x0000000000000ef9       0x28 ./Core/Src/gpio.o
 .debug_macro   0x0000000000000f21       0x22 ./Core/Src/gpio.o
 .debug_macro   0x0000000000000f43       0x8e ./Core/Src/gpio.o
 .debug_macro   0x0000000000000fd1       0x51 ./Core/Src/gpio.o
 .debug_macro   0x0000000000001022      0x103 ./Core/Src/gpio.o
 .debug_macro   0x0000000000001125       0x6a ./Core/Src/gpio.o
 .debug_macro   0x000000000000118f      0x1df ./Core/Src/gpio.o
 .debug_macro   0x000000000000136e       0x1c ./Core/Src/gpio.o
 .debug_macro   0x000000000000138a       0x22 ./Core/Src/gpio.o
 .debug_macro   0x00000000000013ac       0xd9 ./Core/Src/gpio.o
 .debug_macro   0x0000000000001485     0x102d ./Core/Src/gpio.o
 .debug_macro   0x00000000000024b2      0x11f ./Core/Src/gpio.o
 .debug_macro   0x00000000000025d1    0x178a0 ./Core/Src/gpio.o
 .debug_macro   0x0000000000019e71       0x6d ./Core/Src/gpio.o
 .debug_macro   0x0000000000019ede     0x36f5 ./Core/Src/gpio.o
 .debug_macro   0x000000000001d5d3      0x174 ./Core/Src/gpio.o
 .debug_macro   0x000000000001d747       0x5c ./Core/Src/gpio.o
 .debug_macro   0x000000000001d7a3      0xc6d ./Core/Src/gpio.o
 .debug_macro   0x000000000001e410      0x9fe ./Core/Src/gpio.o
 .debug_macro   0x000000000001ee0e      0x115 ./Core/Src/gpio.o
 .debug_macro   0x000000000001ef23      0x16f ./Core/Src/gpio.o
 .debug_macro   0x000000000001f092       0xa5 ./Core/Src/gpio.o
 .debug_macro   0x000000000001f137      0x182 ./Core/Src/gpio.o
 .debug_macro   0x000000000001f2b9      0x287 ./Core/Src/gpio.o
 .debug_macro   0x000000000001f540       0x5f ./Core/Src/gpio.o
 .debug_macro   0x000000000001f59f      0x236 ./Core/Src/gpio.o
 .debug_macro   0x000000000001f7d5      0x132 ./Core/Src/gpio.o
 .debug_macro   0x000000000001f907      0x41d ./Core/Src/gpio.o
 .debug_macro   0x000000000001fd24       0x2e ./Core/Src/gpio.o
 .debug_macro   0x000000000001fd52      0x11a ./Core/Src/gpio.o
 .debug_macro   0x000000000001fe6c       0xe2 ./Core/Src/gpio.o
 .debug_macro   0x000000000001ff4e       0x89 ./Core/Src/gpio.o
 .debug_macro   0x000000000001ffd7      0x134 ./Core/Src/gpio.o
 .debug_macro   0x000000000002010b      0x1c8 ./Core/Src/main.o
 .debug_macro   0x00000000000202d3      0x1ba ./Core/Src/stm32f4xx_hal_msp.o
 .debug_macro   0x000000000002048d      0x1c4 ./Core/Src/stm32f4xx_it.o
 .debug_macro   0x0000000000020651      0x1b0 ./Core/Src/system_stm32f4xx.o
 .debug_macro   0x0000000000020801      0x210 ./Drivers/STM32F4xx_HAL_Driver/Src/stm32f4xx_hal.o
 .debug_macro   0x0000000000020a11      0x1b0 ./Drivers/STM32F4xx_HAL_Driver/Src/stm32f4xx_hal_cortex.o
 .debug_macro   0x0000000000020bc1      0x1b6 ./Drivers/STM32F4xx_HAL_Driver/Src/stm32f4xx_hal_gpio.o
 .debug_macro   0x0000000000020d77      0x1c8 ./Drivers/STM32F4xx_HAL_Driver/Src/stm32f4xx_hal_pwr_ex.o
 .debug_macro   0x0000000000020f3f      0x1d4 ./Drivers/STM32F4xx_HAL_Driver/Src/stm32f4xx_hal_rcc.o

.debug_line     0x0000000000000000     0x5b5e
 .debug_line    0x0000000000000000      0x6bd ./Core/Src/gpio.o
 .debug_line    0x00000000000006bd      0x812 ./Core/Src/main.o
 .debug_line    0x0000000000000ecf      0x6a2 ./Core/Src/stm32f4xx_hal_msp.o
 .debug_line    0x0000000000001571      0x765 ./Core/Src/stm32f4xx_it.o
 .debug_line    0x0000000000001cd6      0x724 ./Core/Src/system_stm32f4xx.o
 .debug_line    0x00000000000023fa       0x88 ./Core/Startup/startup_stm32f427vitx.o
 .debug_line    0x0000000000002482      0x9c0 ./Drivers/STM32F4xx_HAL_Driver/Src/stm32f4xx_hal.o
 .debug_line    0x0000000000002e42      0xc39 ./Drivers/STM32F4xx_HAL_Driver/Src/stm32f4xx_hal_cortex.o
 .debug_line    0x0000000000003a7b      0xb26 ./Drivers/STM32F4xx_HAL_Driver/Src/stm32f4xx_hal_gpio.o
 .debug_line    0x00000000000045a1      0x8b9 ./Drivers/STM32F4xx_HAL_Driver/Src/stm32f4xx_hal_pwr_ex.o
 .debug_line    0x0000000000004e5a      0xd04 ./Drivers/STM32F4xx_HAL_Driver/Src/stm32f4xx_hal_rcc.o

.debug_str      0x0000000000000000    0xc899a
 .debug_str     0x0000000000000000    0xc71d6 ./Core/Src/gpio.o
                                      0xc7449 (size before relaxing)
 .debug_str     0x00000000000c71d6      0x253 ./Core/Src/main.o
                                      0xc766d (size before relaxing)
 .debug_str     0x00000000000c7429       0x2c ./Core/Src/stm32f4xx_hal_msp.o
                                      0xc737e (size before relaxing)
 .debug_str     0x00000000000c7455       0xc9 ./Core/Src/stm32f4xx_it.o
                                      0xc72f1 (size before relaxing)
 .debug_str     0x00000000000c751e       0xdb ./Core/Src/system_stm32f4xx.o
                                      0xc742e (size before relaxing)
 .debug_str     0x00000000000c75f9       0x36 ./Core/Startup/startup_stm32f427vitx.o
                                         0x5a (size before relaxing)
 .debug_str     0x00000000000c762f      0xb7e ./Drivers/STM32F4xx_HAL_Driver/Src/stm32f4xx_hal.o
                                      0xc803a (size before relaxing)
 .debug_str     0x00000000000c81ad      0x365 ./Drivers/STM32F4xx_HAL_Driver/Src/stm32f4xx_hal_cortex.o
                                      0xc7d1f (size before relaxing)
 .debug_str     0x00000000000c8512      0x120 ./Drivers/STM32F4xx_HAL_Driver/Src/stm32f4xx_hal_gpio.o
                                      0xc75a9 (size before relaxing)
 .debug_str     0x00000000000c8632      0x135 ./Drivers/STM32F4xx_HAL_Driver/Src/stm32f4xx_hal_pwr_ex.o
                                      0xc7606 (size before relaxing)
 .debug_str     0x00000000000c8767      0x233 ./Drivers/STM32F4xx_HAL_Driver/Src/stm32f4xx_hal_rcc.o
                                      0xc7862 (size before relaxing)

.comment        0x0000000000000000       0x50
 .comment       0x0000000000000000       0x50 ./Core/Src/gpio.o
                                         0x51 (size before relaxing)
 .comment       0x0000000000000050       0x51 ./Core/Src/main.o
 .comment       0x0000000000000050       0x51 ./Core/Src/stm32f4xx_hal_msp.o
 .comment       0x0000000000000050       0x51 ./Core/Src/stm32f4xx_it.o
 .comment       0x0000000000000050       0x51 ./Core/Src/system_stm32f4xx.o
 .comment       0x0000000000000050       0x51 ./Drivers/STM32F4xx_HAL_Driver/Src/stm32f4xx_hal.o
 .comment       0x0000000000000050       0x51 ./Drivers/STM32F4xx_HAL_Driver/Src/stm32f4xx_hal_cortex.o
 .comment       0x0000000000000050       0x51 ./Drivers/STM32F4xx_HAL_Driver/Src/stm32f4xx_hal_gpio.o
 .comment       0x0000000000000050       0x51 ./Drivers/STM32F4xx_HAL_Driver/Src/stm32f4xx_hal_pwr_ex.o
 .comment       0x0000000000000050       0x51 ./Drivers/STM32F4xx_HAL_Driver/Src/stm32f4xx_hal_rcc.o

.debug_frame    0x0000000000000000      0xfdc
 .debug_frame   0x0000000000000000       0x34 ./Core/Src/gpio.o
 .debug_frame   0x0000000000000034       0x90 ./Core/Src/main.o
 .debug_frame   0x00000000000000c4       0x38 ./Core/Src/stm32f4xx_hal_msp.o
 .debug_frame   0x00000000000000fc      0x104 ./Core/Src/stm32f4xx_it.o
 .debug_frame   0x0000000000000200       0x58 ./Core/Src/system_stm32f4xx.o
 .debug_frame   0x0000000000000258      0x3b4 ./Drivers/STM32F4xx_HAL_Driver/Src/stm32f4xx_hal.o
 .debug_frame   0x000000000000060c      0x498 ./Drivers/STM32F4xx_HAL_Driver/Src/stm32f4xx_hal_cortex.o
 .debug_frame   0x0000000000000aa4      0x14c ./Drivers/STM32F4xx_HAL_Driver/Src/stm32f4xx_hal_gpio.o
 .debug_frame   0x0000000000000bf0      0x14c ./Drivers/STM32F4xx_HAL_Driver/Src/stm32f4xx_hal_pwr_ex.o
 .debug_frame   0x0000000000000d3c      0x1f4 ./Drivers/STM32F4xx_HAL_Driver/Src/stm32f4xx_hal_rcc.o
 .debug_frame   0x0000000000000f30       0x2c d:/itmo/4 year/pvs/stm32cubeide_1.9.0/stm32cubeide/plugins/com.st.stm32cube.ide.mcu.externaltools.gnu-tools-for-stm32.10.3-2021.10.win32_1.0.0.202111181127/tools/bin/../lib/gcc/arm-none-eabi/10.3.1/../../../../arm-none-eabi/lib/thumb/v7e-m+fp/hard\libc_nano.a(lib_a-init.o)
 .debug_frame   0x0000000000000f5c       0x20 d:/itmo/4 year/pvs/stm32cubeide_1.9.0/stm32cubeide/plugins/com.st.stm32cube.ide.mcu.externaltools.gnu-tools-for-stm32.10.3-2021.10.win32_1.0.0.202111181127/tools/bin/../lib/gcc/arm-none-eabi/10.3.1/../../../../arm-none-eabi/lib/thumb/v7e-m+fp/hard\libc_nano.a(lib_a-memset.o)
 .debug_frame   0x0000000000000f7c       0x2c d:/itmo/4 year/pvs/stm32cubeide_1.9.0/stm32cubeide/plugins/com.st.stm32cube.ide.mcu.externaltools.gnu-tools-for-stm32.10.3-2021.10.win32_1.0.0.202111181127/tools/bin/../lib/gcc/arm-none-eabi/10.3.1/thumb/v7e-m+fp/hard\libgcc.a(_aeabi_uldivmod.o)
 .debug_frame   0x0000000000000fa8       0x34 d:/itmo/4 year/pvs/stm32cubeide_1.9.0/stm32cubeide/plugins/com.st.stm32cube.ide.mcu.externaltools.gnu-tools-for-stm32.10.3-2021.10.win32_1.0.0.202111181127/tools/bin/../lib/gcc/arm-none-eabi/10.3.1/thumb/v7e-m+fp/hard\libgcc.a(_udivmoddi4.o)
