Archive member included to satisfy reference by file (symbol)

d:/itmo/4 year/pvs/stm32cubeide_1.9.0/stm32cubeide/plugins/com.st.stm32cube.ide.mcu.externaltools.gnu-tools-for-stm32.10.3-2021.10.win32_1.0.0.202111181127/tools/bin/../lib/gcc/arm-none-eabi/10.3.1/../../../../arm-none-eabi/lib/thumb/v7e-m+fp/hard\libc_nano.a(lib_a-ctype_.o)
                              ./Core/Src/main.o (_ctype_)
d:/itmo/4 year/pvs/stm32cubeide_1.9.0/stm32cubeide/plugins/com.st.stm32cube.ide.mcu.externaltools.gnu-tools-for-stm32.10.3-2021.10.win32_1.0.0.202111181127/tools/bin/../lib/gcc/arm-none-eabi/10.3.1/../../../../arm-none-eabi/lib/thumb/v7e-m+fp/hard\libc_nano.a(lib_a-errno.o)
                              ./Core/Src/syscalls.o (__errno)
d:/itmo/4 year/pvs/stm32cubeide_1.9.0/stm32cubeide/plugins/com.st.stm32cube.ide.mcu.externaltools.gnu-tools-for-stm32.10.3-2021.10.win32_1.0.0.202111181127/tools/bin/../lib/gcc/arm-none-eabi/10.3.1/../../../../arm-none-eabi/lib/thumb/v7e-m+fp/hard\libc_nano.a(lib_a-exit.o)
                              d:/itmo/4 year/pvs/stm32cubeide_1.9.0/stm32cubeide/plugins/com.st.stm32cube.ide.mcu.externaltools.gnu-tools-for-stm32.10.3-2021.10.win32_1.0.0.202111181127/tools/bin/../lib/gcc/arm-none-eabi/10.3.1/../../../../arm-none-eabi/lib/thumb/v7e-m+fp/hard/crt0.o (exit)
d:/itmo/4 year/pvs/stm32cubeide_1.9.0/stm32cubeide/plugins/com.st.stm32cube.ide.mcu.externaltools.gnu-tools-for-stm32.10.3-2021.10.win32_1.0.0.202111181127/tools/bin/../lib/gcc/arm-none-eabi/10.3.1/../../../../arm-none-eabi/lib/thumb/v7e-m+fp/hard\libc_nano.a(lib_a-impure.o)
                              d:/itmo/4 year/pvs/stm32cubeide_1.9.0/stm32cubeide/plugins/com.st.stm32cube.ide.mcu.externaltools.gnu-tools-for-stm32.10.3-2021.10.win32_1.0.0.202111181127/tools/bin/../lib/gcc/arm-none-eabi/10.3.1/../../../../arm-none-eabi/lib/thumb/v7e-m+fp/hard\libc_nano.a(lib_a-exit.o) (_global_impure_ptr)
d:/itmo/4 year/pvs/stm32cubeide_1.9.0/stm32cubeide/plugins/com.st.stm32cube.ide.mcu.externaltools.gnu-tools-for-stm32.10.3-2021.10.win32_1.0.0.202111181127/tools/bin/../lib/gcc/arm-none-eabi/10.3.1/../../../../arm-none-eabi/lib/thumb/v7e-m+fp/hard\libc_nano.a(lib_a-init.o)
                              d:/itmo/4 year/pvs/stm32cubeide_1.9.0/stm32cubeide/plugins/com.st.stm32cube.ide.mcu.externaltools.gnu-tools-for-stm32.10.3-2021.10.win32_1.0.0.202111181127/tools/bin/../lib/gcc/arm-none-eabi/10.3.1/../../../../arm-none-eabi/lib/thumb/v7e-m+fp/hard/crt0.o (__libc_init_array)
d:/itmo/4 year/pvs/stm32cubeide_1.9.0/stm32cubeide/plugins/com.st.stm32cube.ide.mcu.externaltools.gnu-tools-for-stm32.10.3-2021.10.win32_1.0.0.202111181127/tools/bin/../lib/gcc/arm-none-eabi/10.3.1/../../../../arm-none-eabi/lib/thumb/v7e-m+fp/hard\libc_nano.a(lib_a-memcpy-stub.o)
                              ./Core/Src/main.o (memcpy)
d:/itmo/4 year/pvs/stm32cubeide_1.9.0/stm32cubeide/plugins/com.st.stm32cube.ide.mcu.externaltools.gnu-tools-for-stm32.10.3-2021.10.win32_1.0.0.202111181127/tools/bin/../lib/gcc/arm-none-eabi/10.3.1/../../../../arm-none-eabi/lib/thumb/v7e-m+fp/hard\libc_nano.a(lib_a-memset.o)
                              d:/itmo/4 year/pvs/stm32cubeide_1.9.0/stm32cubeide/plugins/com.st.stm32cube.ide.mcu.externaltools.gnu-tools-for-stm32.10.3-2021.10.win32_1.0.0.202111181127/tools/bin/../lib/gcc/arm-none-eabi/10.3.1/../../../../arm-none-eabi/lib/thumb/v7e-m+fp/hard/crt0.o (memset)
d:/itmo/4 year/pvs/stm32cubeide_1.9.0/stm32cubeide/plugins/com.st.stm32cube.ide.mcu.externaltools.gnu-tools-for-stm32.10.3-2021.10.win32_1.0.0.202111181127/tools/bin/../lib/gcc/arm-none-eabi/10.3.1/../../../../arm-none-eabi/lib/thumb/v7e-m+fp/hard\libc_nano.a(lib_a-strcpy.o)
                              ./Core/Src/main.o (strcpy)
d:/itmo/4 year/pvs/stm32cubeide_1.9.0/stm32cubeide/plugins/com.st.stm32cube.ide.mcu.externaltools.gnu-tools-for-stm32.10.3-2021.10.win32_1.0.0.202111181127/tools/bin/../lib/gcc/arm-none-eabi/10.3.1/../../../../arm-none-eabi/lib/thumb/v7e-m+fp/hard\libc_nano.a(lib_a-strlen.o)
                              ./Core/Src/main.o (strlen)
d:/itmo/4 year/pvs/stm32cubeide_1.9.0/stm32cubeide/plugins/com.st.stm32cube.ide.mcu.externaltools.gnu-tools-for-stm32.10.3-2021.10.win32_1.0.0.202111181127/tools/bin/../lib/gcc/arm-none-eabi/10.3.1/thumb/v7e-m+fp/hard\libgcc.a(_aeabi_uldivmod.o)
                              ./Drivers/STM32F4xx_HAL_Driver/Src/stm32f4xx_hal_rcc.o (__aeabi_uldivmod)
d:/itmo/4 year/pvs/stm32cubeide_1.9.0/stm32cubeide/plugins/com.st.stm32cube.ide.mcu.externaltools.gnu-tools-for-stm32.10.3-2021.10.win32_1.0.0.202111181127/tools/bin/../lib/gcc/arm-none-eabi/10.3.1/thumb/v7e-m+fp/hard\libgcc.a(_udivmoddi4.o)
                              d:/itmo/4 year/pvs/stm32cubeide_1.9.0/stm32cubeide/plugins/com.st.stm32cube.ide.mcu.externaltools.gnu-tools-for-stm32.10.3-2021.10.win32_1.0.0.202111181127/tools/bin/../lib/gcc/arm-none-eabi/10.3.1/thumb/v7e-m+fp/hard\libgcc.a(_aeabi_uldivmod.o) (__udivmoddi4)
[...]
Memory Configuration

Name             Origin             Length             Attributes
CCMRAM           0x0000000010000000 0x0000000000010000 xrw
RAM              0x0000000020000000 0x0000000000030000 xrw
FLASH            0x0000000008000000 0x0000000000200000 xr
*default*        0x0000000000000000 0xffffffffffffffff

Linker script and memory map

LOAD d:/itmo/4 year/pvs/stm32cubeide_1.9.0/stm32cubeide/plugins/com.st.stm32cube.ide.mcu.externaltools.gnu-tools-for-stm32.10.3-2021.10.win32_1.0.0.202111181127/tools/bin/../lib/gcc/arm-none-eabi/10.3.1/thumb/v7e-m+fp/hard/crti.o
LOAD d:/itmo/4 year/pvs/stm32cubeide_1.9.0/stm32cubeide/plugins/com.st.stm32cube.ide.mcu.externaltools.gnu-tools-for-stm32.10.3-2021.10.win32_1.0.0.202111181127/tools/bin/../lib/gcc/arm-none-eabi/10.3.1/thumb/v7e-m+fp/hard/crtbegin.o
LOAD d:/itmo/4 year/pvs/stm32cubeide_1.9.0/stm32cubeide/plugins/com.st.stm32cube.ide.mcu.externaltools.gnu-tools-for-stm32.10.3-2021.10.win32_1.0.0.202111181127/tools/bin/../lib/gcc/arm-none-eabi/10.3.1/../../../../arm-none-eabi/lib/thumb/v7e-m+fp/hard/crt0.o
LOAD ./Core/Src/main.o
LOAD ./Core/Src/stm32f4xx_hal_msp.o
LOAD ./Core/Src/stm32f4xx_it.o
LOAD ./Core/Src/syscalls.o
LOAD ./Core/Src/sysmem.o
LOAD ./Core/Src/system_stm32f4xx.o
LOAD ./Core/Startup/startup_stm32f427vitx.o
LOAD ./Drivers/STM32F4xx_HAL_Driver/Src/stm32f4xx_hal.o
LOAD ./Drivers/STM32F4xx_HAL_Driver/Src/stm32f4xx_hal_cortex.o
LOAD ./Drivers/STM32F4xx_HAL_Driver/Src/stm32f4xx_hal_dma.o
LOAD ./Drivers/STM32F4xx_HAL_Driver/Src/stm32f4xx_hal_dma_ex.o
LOAD ./Drivers/STM32F4xx_HAL_Driver/Src/stm32f4xx_hal_exti.o
LOAD ./Drivers/STM32F4xx_HAL_Driver/Src/stm32f4xx_hal_flash.o
LOAD ./Drivers/STM32F4xx_HAL_Driver/Src/stm32f4xx_hal_flash_ex.o
LOAD ./Drivers/STM32F4xx_HAL_Driver/Src/stm32f4xx_hal_flash_ramfunc.o
LOAD ./Drivers/STM32F4xx_HAL_Driver/Src/stm32f4xx_hal_gpio.o
LOAD ./Drivers/STM32F4xx_HAL_Driver/Src/stm32f4xx_hal_i2c.o
LOAD ./Drivers/STM32F4xx_HAL_Driver/Src/stm32f4xx_hal_i2c_ex.o
LOAD ./Drivers/STM32F4xx_HAL_Driver/Src/stm32f4xx_hal_pwr.o
LOAD ./Drivers/STM32F4xx_HAL_Driver/Src/stm32f4xx_hal_pwr_ex.o
LOAD ./Drivers/STM32F4xx_HAL_Driver/Src/stm32f4xx_hal_rcc.o
LOAD ./Drivers/STM32F4xx_HAL_Driver/Src/stm32f4xx_hal_rcc_ex.o
LOAD ./Drivers/STM32F4xx_HAL_Driver/Src/stm32f4xx_hal_tim.o
LOAD ./Drivers/STM32F4xx_HAL_Driver/Src/stm32f4xx_hal_tim_ex.o
LOAD ./Drivers/STM32F4xx_HAL_Driver/Src/stm32f4xx_hal_uart.o
START GROUP
LOAD d:/itmo/4 year/pvs/stm32cubeide_1.9.0/stm32cubeide/plugins/com.st.stm32cube.ide.mcu.externaltools.gnu-tools-for-stm32.10.3-2021.10.win32_1.0.0.202111181127/tools/bin/../lib/gcc/arm-none-eabi/10.3.1/../../../../arm-none-eabi/lib/thumb/v7e-m+fp/hard\libc_nano.a
LOAD d:/itmo/4 year/pvs/stm32cubeide_1.9.0/stm32cubeide/plugins/com.st.stm32cube.ide.mcu.externaltools.gnu-tools-for-stm32.10.3-2021.10.win32_1.0.0.202111181127/tools/bin/../lib/gcc/arm-none-eabi/10.3.1/../../../../arm-none-eabi/lib/thumb/v7e-m+fp/hard\libm.a
END GROUP
START GROUP
LOAD d:/itmo/4 year/pvs/stm32cubeide_1.9.0/stm32cubeide/plugins/com.st.stm32cube.ide.mcu.externaltools.gnu-tools-for-stm32.10.3-2021.10.win32_1.0.0.202111181127/tools/bin/../lib/gcc/arm-none-eabi/10.3.1/thumb/v7e-m+fp/hard\libgcc.a
LOAD d:/itmo/4 year/pvs/stm32cubeide_1.9.0/stm32cubeide/plugins/com.st.stm32cube.ide.mcu.externaltools.gnu-tools-for-stm32.10.3-2021.10.win32_1.0.0.202111181127/tools/bin/../lib/gcc/arm-none-eabi/10.3.1/../../../../arm-none-eabi/lib/thumb/v7e-m+fp/hard\libc_nano.a
END GROUP
START GROUP
LOAD d:/itmo/4 year/pvs/stm32cubeide_1.9.0/stm32cubeide/plugins/com.st.stm32cube.ide.mcu.externaltools.gnu-tools-for-stm32.10.3-2021.10.win32_1.0.0.202111181127/tools/bin/../lib/gcc/arm-none-eabi/10.3.1/thumb/v7e-m+fp/hard\libgcc.a
LOAD d:/itmo/4 year/pvs/stm32cubeide_1.9.0/stm32cubeide/plugins/com.st.stm32cube.ide.mcu.externaltools.gnu-tools-for-stm32.10.3-2021.10.win32_1.0.0.202111181127/tools/bin/../lib/gcc/arm-none-eabi/10.3.1/../../../../arm-none-eabi/lib/thumb/v7e-m+fp/hard\libc_nano.a
LOAD d:/itmo/4 year/pvs/stm32cubeide_1.9.0/stm32cubeide/plugins/com.st.stm32cube.ide.mcu.externaltools.gnu-tools-for-stm32.10.3-2021.10.win32_1.0.0.202111181127/tools/bin/../lib/gcc/arm-none-eabi/10.3.1/../../../../arm-none-eabi/lib/thumb/v7e-m+fp/hard\libnosys.a
END GROUP
START GROUP
LOAD d:/itmo/4 year/pvs/stm32cubeide_1.9.0/stm32cubeide/plugins/com.st.stm32cube.ide.mcu.externaltools.gnu-tools-for-stm32.10.3-2021.10.win32_1.0.0.202111181127/tools/bin/../lib/gcc/arm-none-eabi/10.3.1/thumb/v7e-m+fp/hard\libgcc.a
LOAD d:/itmo/4 year/pvs/stm32cubeide_1.9.0/stm32cubeide/plugins/com.st.stm32cube.ide.mcu.externaltools.gnu-tools-for-stm32.10.3-2021.10.win32_1.0.0.202111181127/tools/bin/../lib/gcc/arm-none-eabi/10.3.1/../../../../arm-none-eabi/lib/thumb/v7e-m+fp/hard\libc_nano.a
LOAD d:/itmo/4 year/pvs/stm32cubeide_1.9.0/stm32cubeide/plugins/com.st.stm32cube.ide.mcu.externaltools.gnu-tools-for-stm32.10.3-2021.10.win32_1.0.0.202111181127/tools/bin/../lib/gcc/arm-none-eabi/10.3.1/../../../../arm-none-eabi/lib/thumb/v7e-m+fp/hard\libnosys.a
END GROUP
LOAD d:/itmo/4 year/pvs/stm32cubeide_1.9.0/stm32cubeide/plugins/com.st.stm32cube.ide.mcu.externaltools.gnu-tools-for-stm32.10.3-2021.10.win32_1.0.0.202111181127/tools/bin/../lib/gcc/arm-none-eabi/10.3.1/thumb/v7e-m+fp/hard/crtend.o
LOAD d:/itmo/4 year/pvs/stm32cubeide_1.9.0/stm32cubeide/plugins/com.st.stm32cube.ide.mcu.externaltools.gnu-tools-for-stm32.10.3-2021.10.win32_1.0.0.202111181127/tools/bin/../lib/gcc/arm-none-eabi/10.3.1/thumb/v7e-m+fp/hard/crtn.o
                0x0000000020030000                _estack = (ORIGIN (RAM) + LENGTH (RAM))
                0x0000000000000200                _Min_Heap_Size = 0x200
                0x0000000000000400                _Min_Stack_Size = 0x400

.isr_vector     0x0000000008000000      0x1ac
                0x0000000008000000                . = ALIGN (0x4)
 *(.isr_vector)
 .isr_vector    0x0000000008000000      0x1ac ./Core/Startup/startup_stm32f427vitx.o
                0x0000000008000000                g_pfnVectors
                0x00000000080001ac                . = ALIGN (0x4)

.text           0x00000000080001ac     0x5e70
                0x00000000080001ac                . = ALIGN (0x4)
 *(.text)
 .text          0x00000000080001ac       0x40 d:/itmo/4 year/pvs/stm32cubeide_1.9.0/stm32cubeide/plugins/com.st.stm32cube.ide.mcu.externaltools.gnu-tools-for-stm32.10.3-2021.10.win32_1.0.0.202111181127/tools/bin/../lib/gcc/arm-none-eabi/10.3.1/thumb/v7e-m+fp/hard/crtbegin.o
 .text          0x00000000080001ec       0x10 d:/itmo/4 year/pvs/stm32cubeide_1.9.0/stm32cubeide/plugins/com.st.stm32cube.ide.mcu.externaltools.gnu-tools-for-stm32.10.3-2021.10.win32_1.0.0.202111181127/tools/bin/../lib/gcc/arm-none-eabi/10.3.1/../../../../arm-none-eabi/lib/thumb/v7e-m+fp/hard\libc_nano.a(lib_a-strlen.o)
                0x00000000080001ec                strlen
 .text          0x00000000080001fc       0x30 d:/itmo/4 year/pvs/stm32cubeide_1.9.0/stm32cubeide/plugins/com.st.stm32cube.ide.mcu.externaltools.gnu-tools-for-stm32.10.3-2021.10.win32_1.0.0.202111181127/tools/bin/../lib/gcc/arm-none-eabi/10.3.1/thumb/v7e-m+fp/hard\libgcc.a(_aeabi_uldivmod.o)
                0x00000000080001fc                __aeabi_uldivmod
 .text          0x000000000800022c      0x2d0 d:/itmo/4 year/pvs/stm32cubeide_1.9.0/stm32cubeide/plugins/com.st.stm32cube.ide.mcu.externaltools.gnu-tools-for-stm32.10.3-2021.10.win32_1.0.0.202111181127/tools/bin/../lib/gcc/arm-none-eabi/10.3.1/thumb/v7e-m+fp/hard\libgcc.a(_udivmoddi4.o)
                0x000000000800022c                __udivmoddi4
 .text          0x00000000080004fc        0x4 d:/itmo/4 year/pvs/stm32cubeide_1.9.0/stm32cubeide/plugins/com.st.stm32cube.ide.mcu.externaltools.gnu-tools-for-stm32.10.3-2021.10.win32_1.0.0.202111181127/tools/bin/../lib/gcc/arm-none-eabi/10.3.1/thumb/v7e-m+fp/hard\libgcc.a(_dvmd_tls.o)
                0x00000000080004fc                __aeabi_idiv0
                0x00000000080004fc                __aeabi_ldiv0
 *(.text*)
 .text.buf_init
                0x0000000008000500       0x32 ./Core/Src/main.o
 .text.buf_push
                0x0000000008000532       0xa0 ./Core/Src/main.o
 .text.buf_pop  0x00000000080005d2       0xa8 ./Core/Src/main.o
 .text.disable_interrupt
                0x000000000800067a       0x1a ./Core/Src/main.o
                0x000000000800067a                disable_interrupt
 .text.transmit_uart
                0x0000000008000694       0x60 ./Core/Src/main.o
                0x0000000008000694                transmit_uart
 .text.transmit_uart_nl
                0x00000000080006f4       0x2c ./Core/Src/main.o
                0x00000000080006f4                transmit_uart_nl
 .text.HAL_UART_RxCpltCallback
                0x0000000008000720       0x30 ./Core/Src/main.o
                0x0000000008000720                HAL_UART_RxCpltCallback
 .text.HAL_UART_TxCpltCallback
                0x0000000008000750       0x5c ./Core/Src/main.o
                0x0000000008000750                HAL_UART_TxCpltCallback
 .text.play_melody
                0x00000000080007ac       0x4c ./Core/Src/main.o
                0x00000000080007ac                play_melody
 .text.HAL_TIM_PeriodElapsedCallback
                0x00000000080007f8      0x110 ./Core/Src/main.o
                0x00000000080007f8                HAL_TIM_PeriodElapsedCallback
 .text.is_btn_press
                0x0000000008000908       0x24 ./Core/Src/main.o
                0x0000000008000908                is_btn_press
 .text.get_pressed_btn_index
                0x000000000800092c      0x240 ./Core/Src/main.o
                0x000000000800092c                get_pressed_btn_index
 .text.key2char
                0x0000000008000b6c       0x54 ./Core/Src/main.o
                0x0000000008000b6c                key2char
 .text.set_green_led
                0x0000000008000bc0       0x24 ./Core/Src/main.o
 .text.set_red_led
                0x0000000008000be4       0x24 ./Core/Src/main.o
 .text.main     0x0000000008000c08      0xae0 ./Core/Src/main.o
                0x0000000008000c08                main
 .text.SystemClock_Config
                0x00000000080016e8       0xe0 ./Core/Src/main.o
                0x00000000080016e8                SystemClock_Config
 .text.MX_I2C1_Init
                0x00000000080017c8       0x80 ./Core/Src/main.o
 .text.MX_TIM1_Init
                0x0000000008001848      0x144 ./Core/Src/main.o
 .text.MX_TIM6_Init
                0x000000000800198c       0x6c ./Core/Src/main.o
 .text.MX_USART6_UART_Init
                0x00000000080019f8       0x54 ./Core/Src/main.o
 .text.MX_GPIO_Init
                0x0000000008001a4c       0xfc ./Core/Src/main.o
 .text.Error_Handler
                0x0000000008001b48        0xe ./Core/Src/main.o
                0x0000000008001b48                Error_Handler
 *fill*         0x0000000008001b56        0x2 
 .text.HAL_MspInit
                0x0000000008001b58       0x50 ./Core/Src/stm32f4xx_hal_msp.o
                0x0000000008001b58                HAL_MspInit
 .text.HAL_I2C_MspInit
                0x0000000008001ba8       0x90 ./Core/Src/stm32f4xx_hal_msp.o
                0x0000000008001ba8                HAL_I2C_MspInit
 .text.HAL_TIM_Base_MspInit
                0x0000000008001c38       0x7c ./Core/Src/stm32f4xx_hal_msp.o
                0x0000000008001c38                HAL_TIM_Base_MspInit
 .text.HAL_TIM_MspPostInit
                0x0000000008001cb4       0x74 ./Core/Src/stm32f4xx_hal_msp.o
                0x0000000008001cb4                HAL_TIM_MspPostInit
 .text.HAL_UART_MspInit
                0x0000000008001d28       0xa0 ./Core/Src/stm32f4xx_hal_msp.o
                0x0000000008001d28                HAL_UART_MspInit
 .text.NMI_Handler
                0x0000000008001dc8        0xe ./Core/Src/stm32f4xx_it.o
                0x0000000008001dc8                NMI_Handler
 .text.HardFault_Handler
                0x0000000008001dd6        0x6 ./Core/Src/stm32f4xx_it.o
                0x0000000008001dd6                HardFault_Handler
 .text.MemManage_Handler
                0x0000000008001ddc        0x6 ./Core/Src/stm32f4xx_it.o
                0x0000000008001ddc                MemManage_Handler
 .text.BusFault_Handler
                0x0000000008001de2        0x6 ./Core/Src/stm32f4xx_it.o
                0x0000000008001de2                BusFault_Handler
 .text.UsageFault_Handler
                0x0000000008001de8        0x6 ./Core/Src/stm32f4xx_it.o
                0x0000000008001de8                UsageFault_Handler
 .text.SVC_Handler
                0x0000000008001dee        0xe ./Core/Src/stm32f4xx_it.o
                0x0000000008001dee                SVC_Handler
 .text.DebugMon_Handler
                0x0000000008001dfc        0xe ./Core/Src/stm32f4xx_it.o
                0x0000000008001dfc                DebugMon_Handler
 .text.PendSV_Handler
                0x0000000008001e0a        0xe ./Core/Src/stm32f4xx_it.o
                0x0000000008001e0a                PendSV_Handler
 .text.SysTick_Handler
                0x0000000008001e18        0xc ./Core/Src/stm32f4xx_it.o
                0x0000000008001e18                SysTick_Handler
 .text.TIM6_DAC_IRQHandler
                0x0000000008001e24       0x14 ./Core/Src/stm32f4xx_it.o
                0x0000000008001e24                TIM6_DAC_IRQHandler
 .text.USART6_IRQHandler
                0x0000000008001e38       0x14 ./Core/Src/stm32f4xx_it.o
                0x0000000008001e38                USART6_IRQHandler
 .text.SystemInit
                0x0000000008001e4c       0x2c ./Core/Src/system_stm32f4xx.o
                0x0000000008001e4c                SystemInit
 .text.Reset_Handler
                0x0000000008001e78       0x50 ./Core/Startup/startup_stm32f427vitx.o
                0x0000000008001e78                Reset_Handler
 .text.Default_Handler
                0x0000000008001ec8        0x2 ./Core/Startup/startup_stm32f427vitx.o
                0x0000000008001ec8                RTC_Alarm_IRQHandler
                0x0000000008001ec8                HASH_RNG_IRQHandler
                0x0000000008001ec8                EXTI2_IRQHandler
                0x0000000008001ec8                TIM8_CC_IRQHandler
                0x0000000008001ec8                UART8_IRQHandler
                0x0000000008001ec8                SPI4_IRQHandler
                0x0000000008001ec8                TIM1_CC_IRQHandler
                0x0000000008001ec8                DMA2_Stream5_IRQHandler
                0x0000000008001ec8                DMA1_Stream5_IRQHandler
                0x0000000008001ec8                PVD_IRQHandler
                0x0000000008001ec8                SDIO_IRQHandler
                0x0000000008001ec8                TAMP_STAMP_IRQHandler
                0x0000000008001ec8                CAN2_RX1_IRQHandler
                0x0000000008001ec8                EXTI3_IRQHandler
                0x0000000008001ec8                TIM8_TRG_COM_TIM14_IRQHandler
                0x0000000008001ec8                TIM1_UP_TIM10_IRQHandler
                0x0000000008001ec8                TIM8_UP_TIM13_IRQHandler
                0x0000000008001ec8                I2C3_ER_IRQHandler
                0x0000000008001ec8                EXTI0_IRQHandler
                0x0000000008001ec8                I2C2_EV_IRQHandler
                0x0000000008001ec8                DMA1_Stream2_IRQHandler
                0x0000000008001ec8                CAN1_RX0_IRQHandler
                0x0000000008001ec8                FPU_IRQHandler
                0x0000000008001ec8                OTG_HS_WKUP_IRQHandler
                0x0000000008001ec8                CAN2_SCE_IRQHandler
                0x0000000008001ec8                DMA2_Stream2_IRQHandler
                0x0000000008001ec8                SPI1_IRQHandler
                0x0000000008001ec8                TIM1_BRK_TIM9_IRQHandler
                0x0000000008001ec8                DCMI_IRQHandler
                0x0000000008001ec8                CAN2_RX0_IRQHandler
                0x0000000008001ec8                DMA2_Stream3_IRQHandler
                0x0000000008001ec8                USART3_IRQHandler
                0x0000000008001ec8                CAN1_RX1_IRQHandler
                0x0000000008001ec8                UART5_IRQHandler
                0x0000000008001ec8                DMA2_Stream0_IRQHandler
                0x0000000008001ec8                TIM4_IRQHandler
                0x0000000008001ec8                I2C1_EV_IRQHandler
                0x0000000008001ec8                DMA1_Stream6_IRQHandler
                0x0000000008001ec8                DMA1_Stream1_IRQHandler
                0x0000000008001ec8                UART4_IRQHandler
                0x0000000008001ec8                TIM3_IRQHandler
                0x0000000008001ec8                RCC_IRQHandler
                0x0000000008001ec8                TIM8_BRK_TIM12_IRQHandler
                0x0000000008001ec8                Default_Handler
                0x0000000008001ec8                EXTI15_10_IRQHandler
                0x0000000008001ec8                ADC_IRQHandler
                0x0000000008001ec8                DMA1_Stream7_IRQHandler
                0x0000000008001ec8                SPI5_IRQHandler
                0x0000000008001ec8                TIM7_IRQHandler
                0x0000000008001ec8                CAN2_TX_IRQHandler
                0x0000000008001ec8                TIM5_IRQHandler
                0x0000000008001ec8                DMA2_Stream7_IRQHandler
                0x0000000008001ec8                I2C3_EV_IRQHandler
                0x0000000008001ec8                EXTI9_5_IRQHandler
                0x0000000008001ec8                RTC_WKUP_IRQHandler
                0x0000000008001ec8                ETH_WKUP_IRQHandler
                0x0000000008001ec8                SPI2_IRQHandler
                0x0000000008001ec8                OTG_HS_EP1_IN_IRQHandler
                0x0000000008001ec8                DMA1_Stream0_IRQHandler
                0x0000000008001ec8                CAN1_TX_IRQHandler
                0x0000000008001ec8                EXTI4_IRQHandler
                0x0000000008001ec8                ETH_IRQHandler
                0x0000000008001ec8                OTG_HS_EP1_OUT_IRQHandler
                0x0000000008001ec8                WWDG_IRQHandler
                0x0000000008001ec8                SPI6_IRQHandler
                0x0000000008001ec8                TIM2_IRQHandler
                0x0000000008001ec8                OTG_FS_WKUP_IRQHandler
                0x0000000008001ec8                TIM1_TRG_COM_TIM11_IRQHandler
                0x0000000008001ec8                OTG_HS_IRQHandler
                0x0000000008001ec8                DMA2D_IRQHandler
                0x0000000008001ec8                EXTI1_IRQHandler
                0x0000000008001ec8                UART7_IRQHandler
                0x0000000008001ec8                USART2_IRQHandler
                0x0000000008001ec8                I2C2_ER_IRQHandler
                0x0000000008001ec8                DMA2_Stream1_IRQHandler
                0x0000000008001ec8                CAN1_SCE_IRQHandler
                0x0000000008001ec8                FLASH_IRQHandler
                0x0000000008001ec8                DMA2_Stream4_IRQHandler
                0x0000000008001ec8                USART1_IRQHandler
                0x0000000008001ec8                OTG_FS_IRQHandler
                0x0000000008001ec8                SPI3_IRQHandler
                0x0000000008001ec8                DMA1_Stream4_IRQHandler
                0x0000000008001ec8                I2C1_ER_IRQHandler
                0x0000000008001ec8                FMC_IRQHandler
                0x0000000008001ec8                DMA2_Stream6_IRQHandler
                0x0000000008001ec8                SAI1_IRQHandler
                0x0000000008001ec8                DMA1_Stream3_IRQHandler
 *fill*         0x0000000008001eca        0x2 
 .text.HAL_Init
                0x0000000008001ecc       0x44 ./Drivers/STM32F4xx_HAL_Driver/Src/stm32f4xx_hal.o
                0x0000000008001ecc                HAL_Init
 .text.HAL_InitTick
                0x0000000008001f10       0x60 ./Drivers/STM32F4xx_HAL_Driver/Src/stm32f4xx_hal.o
                0x0000000008001f10                HAL_InitTick
 .text.HAL_IncTick
                0x0000000008001f70       0x28 ./Drivers/STM32F4xx_HAL_Driver/Src/stm32f4xx_hal.o
                0x0000000008001f70                HAL_IncTick
 .text.HAL_GetTick
                0x0000000008001f98       0x18 ./Drivers/STM32F4xx_HAL_Driver/Src/stm32f4xx_hal.o
                0x0000000008001f98                HAL_GetTick
 .text.HAL_Delay
                0x0000000008001fb0       0x48 ./Drivers/STM32F4xx_HAL_Driver/Src/stm32f4xx_hal.o
                0x0000000008001fb0                HAL_Delay
 .text.__NVIC_SetPriorityGrouping
                0x0000000008001ff8       0x48 ./Drivers/STM32F4xx_HAL_Driver/Src/stm32f4xx_hal_cortex.o
 .text.__NVIC_GetPriorityGrouping
                0x0000000008002040       0x1c ./Drivers/STM32F4xx_HAL_Driver/Src/stm32f4xx_hal_cortex.o
 .text.__NVIC_EnableIRQ
                0x000000000800205c       0x3c ./Drivers/STM32F4xx_HAL_Driver/Src/stm32f4xx_hal_cortex.o
 .text.__NVIC_SetPriority
                0x0000000008002098       0x54 ./Drivers/STM32F4xx_HAL_Driver/Src/stm32f4xx_hal_cortex.o
 .text.NVIC_EncodePriority
                0x00000000080020ec       0x66 ./Drivers/STM32F4xx_HAL_Driver/Src/stm32f4xx_hal_cortex.o
 *fill*         0x0000000008002152        0x2 
 .text.SysTick_Config
                0x0000000008002154       0x44 ./Drivers/STM32F4xx_HAL_Driver/Src/stm32f4xx_hal_cortex.o
 .text.HAL_NVIC_SetPriorityGrouping
                0x0000000008002198       0x16 ./Drivers/STM32F4xx_HAL_Driver/Src/stm32f4xx_hal_cortex.o
                0x0000000008002198                HAL_NVIC_SetPriorityGrouping
 .text.HAL_NVIC_SetPriority
                0x00000000080021ae       0x38 ./Drivers/STM32F4xx_HAL_Driver/Src/stm32f4xx_hal_cortex.o
                0x00000000080021ae                HAL_NVIC_SetPriority
 .text.HAL_NVIC_EnableIRQ
                0x00000000080021e6       0x1c ./Drivers/STM32F4xx_HAL_Driver/Src/stm32f4xx_hal_cortex.o
                0x00000000080021e6                HAL_NVIC_EnableIRQ
 .text.HAL_SYSTICK_Config
                0x0000000008002202       0x18 ./Drivers/STM32F4xx_HAL_Driver/Src/stm32f4xx_hal_cortex.o
                0x0000000008002202                HAL_SYSTICK_Config
 .text.HAL_DMA_Abort_IT
                0x000000000800221a       0x44 ./Drivers/STM32F4xx_HAL_Driver/Src/stm32f4xx_hal_dma.o
                0x000000000800221a                HAL_DMA_Abort_IT
 *fill*         0x000000000800225e        0x2 
 .text.HAL_GPIO_Init
                0x0000000008002260      0x358 ./Drivers/STM32F4xx_HAL_Driver/Src/stm32f4xx_hal_gpio.o
                0x0000000008002260                HAL_GPIO_Init
 .text.HAL_GPIO_ReadPin
                0x00000000080025b8       0x30 ./Drivers/STM32F4xx_HAL_Driver/Src/stm32f4xx_hal_gpio.o
                0x00000000080025b8                HAL_GPIO_ReadPin
 .text.HAL_GPIO_WritePin
                0x00000000080025e8       0x32 ./Drivers/STM32F4xx_HAL_Driver/Src/stm32f4xx_hal_gpio.o
                0x00000000080025e8                HAL_GPIO_WritePin
 *fill*         0x000000000800261a        0x2 
 .text.HAL_I2C_Init
                0x000000000800261c      0x288 ./Drivers/STM32F4xx_HAL_Driver/Src/stm32f4xx_hal_i2c.o
                0x000000000800261c                HAL_I2C_Init
 .text.HAL_I2C_Mem_Write
                0x00000000080028a4      0x1f4 ./Drivers/STM32F4xx_HAL_Driver/Src/stm32f4xx_hal_i2c.o
                0x00000000080028a4                HAL_I2C_Mem_Write
 .text.HAL_I2C_Mem_Read
                0x0000000008002a98      0x44c ./Drivers/STM32F4xx_HAL_Driver/Src/stm32f4xx_hal_i2c.o
                0x0000000008002a98                HAL_I2C_Mem_Read
 .text.I2C_RequestMemoryWrite
                0x0000000008002ee4      0x128 ./Drivers/STM32F4xx_HAL_Driver/Src/stm32f4xx_hal_i2c.o
 .text.I2C_RequestMemoryRead
                0x000000000800300c      0x1cc ./Drivers/STM32F4xx_HAL_Driver/Src/stm32f4xx_hal_i2c.o
 .text.I2C_WaitOnFlagUntilTimeout
                0x00000000080031d8       0xae ./Drivers/STM32F4xx_HAL_Driver/Src/stm32f4xx_hal_i2c.o
 .text.I2C_WaitOnMasterAddressFlagUntilTimeout
                0x0000000008003286       0xfe ./Drivers/STM32F4xx_HAL_Driver/Src/stm32f4xx_hal_i2c.o
 .text.I2C_WaitOnTXEFlagUntilTimeout
                0x0000000008003384       0x82 ./Drivers/STM32F4xx_HAL_Driver/Src/stm32f4xx_hal_i2c.o
 .text.I2C_WaitOnBTFFlagUntilTimeout
                0x0000000008003406       0x82 ./Drivers/STM32F4xx_HAL_Driver/Src/stm32f4xx_hal_i2c.o
 .text.I2C_WaitOnRXNEFlagUntilTimeout
                0x0000000008003488       0xac ./Drivers/STM32F4xx_HAL_Driver/Src/stm32f4xx_hal_i2c.o
 .text.I2C_IsAcknowledgeFailed
                0x0000000008003534       0x5e ./Drivers/STM32F4xx_HAL_Driver/Src/stm32f4xx_hal_i2c.o
 .text.HAL_I2CEx_ConfigAnalogFilter
                0x0000000008003592       0x78 ./Drivers/STM32F4xx_HAL_Driver/Src/stm32f4xx_hal_i2c_ex.o
                0x0000000008003592                HAL_I2CEx_ConfigAnalogFilter
 .text.HAL_I2CEx_ConfigDigitalFilter
                0x000000000800360a       0x7e ./Drivers/STM32F4xx_HAL_Driver/Src/stm32f4xx_hal_i2c_ex.o
                0x000000000800360a                HAL_I2CEx_ConfigDigitalFilter
 .text.HAL_PWREx_EnableOverDrive
                0x0000000008003688       0xa0 ./Drivers/STM32F4xx_HAL_Driver/Src/stm32f4xx_hal_pwr_ex.o
                0x0000000008003688                HAL_PWREx_EnableOverDrive
 .text.HAL_RCC_OscConfig
                0x0000000008003728      0x4dc ./Drivers/STM32F4xx_HAL_Driver/Src/stm32f4xx_hal_rcc.o
                0x0000000008003728                HAL_RCC_OscConfig
 .text.HAL_RCC_ClockConfig
                0x0000000008003c04      0x1cc ./Drivers/STM32F4xx_HAL_Driver/Src/stm32f4xx_hal_rcc.o
                0x0000000008003c04                HAL_RCC_ClockConfig
 .text.HAL_RCC_GetSysClockFreq
                0x0000000008003dd0      0x18c ./Drivers/STM32F4xx_HAL_Driver/Src/stm32f4xx_hal_rcc.o
                0x0000000008003dd0                HAL_RCC_GetSysClockFreq
 .text.HAL_RCC_GetHCLKFreq
                0x0000000008003f5c       0x18 ./Drivers/STM32F4xx_HAL_Driver/Src/stm32f4xx_hal_rcc.o
                0x0000000008003f5c                HAL_RCC_GetHCLKFreq
 .text.HAL_RCC_GetPCLK1Freq
                0x0000000008003f74       0x28 ./Drivers/STM32F4xx_HAL_Driver/Src/stm32f4xx_hal_rcc.o
                0x0000000008003f74                HAL_RCC_GetPCLK1Freq
 .text.HAL_RCC_GetPCLK2Freq
                0x0000000008003f9c       0x28 ./Drivers/STM32F4xx_HAL_Driver/Src/stm32f4xx_hal_rcc.o
                0x0000000008003f9c                HAL_RCC_GetPCLK2Freq
 .text.HAL_TIM_Base_Init
                0x0000000008003fc4       0x56 ./Drivers/STM32F4xx_HAL_Driver/Src/stm32f4xx_hal_tim.o
                0x0000000008003fc4                HAL_TIM_Base_Init
 .text.HAL_TIM_Base_Start_IT
                0x000000000800401a       0x48 ./Drivers/STM32F4xx_HAL_Driver/Src/stm32f4xx_hal_tim.o
                0x000000000800401a                HAL_TIM_Base_Start_IT
 .text.HAL_TIM_PWM_Init
                0x0000000008004062       0x56 ./Drivers/STM32F4xx_HAL_Driver/Src/stm32f4xx_hal_tim.o
                0x0000000008004062                HAL_TIM_PWM_Init
 .text.HAL_TIM_PWM_MspInit
                0x00000000080040b8       0x14 ./Drivers/STM32F4xx_HAL_Driver/Src/stm32f4xx_hal_tim.o
                0x00000000080040b8                HAL_TIM_PWM_MspInit
 .text.HAL_TIM_PWM_Start
                0x00000000080040cc       0x7c ./Drivers/STM32F4xx_HAL_Driver/Src/stm32f4xx_hal_tim.o
                0x00000000080040cc                HAL_TIM_PWM_Start
 .text.HAL_TIM_IRQHandler
                0x0000000008004148      0x210 ./Drivers/STM32F4xx_HAL_Driver/Src/stm32f4xx_hal_tim.o
                0x0000000008004148                HAL_TIM_IRQHandler
 .text.HAL_TIM_PWM_ConfigChannel
                0x0000000008004358      0x18c ./Drivers/STM32F4xx_HAL_Driver/Src/stm32f4xx_hal_tim.o
                0x0000000008004358                HAL_TIM_PWM_ConfigChannel
 .text.HAL_TIM_ConfigClockSource
                0x00000000080044e4      0x188 ./Drivers/STM32F4xx_HAL_Driver/Src/stm32f4xx_hal_tim.o
                0x00000000080044e4                HAL_TIM_ConfigClockSource
 .text.HAL_TIM_OC_DelayElapsedCallback
                0x000000000800466c       0x14 ./Drivers/STM32F4xx_HAL_Driver/Src/stm32f4xx_hal_tim.o
                0x000000000800466c                HAL_TIM_OC_DelayElapsedCallback
 .text.HAL_TIM_IC_CaptureCallback
                0x0000000008004680       0x14 ./Drivers/STM32F4xx_HAL_Driver/Src/stm32f4xx_hal_tim.o
                0x0000000008004680                HAL_TIM_IC_CaptureCallback
 .text.HAL_TIM_PWM_PulseFinishedCallback
                0x0000000008004694       0x14 ./Drivers/STM32F4xx_HAL_Driver/Src/stm32f4xx_hal_tim.o
                0x0000000008004694                HAL_TIM_PWM_PulseFinishedCallback
 .text.HAL_TIM_TriggerCallback
                0x00000000080046a8       0x14 ./Drivers/STM32F4xx_HAL_Driver/Src/stm32f4xx_hal_tim.o
                0x00000000080046a8                HAL_TIM_TriggerCallback
 .text.TIM_Base_SetConfig
                0x00000000080046bc      0x140 ./Drivers/STM32F4xx_HAL_Driver/Src/stm32f4xx_hal_tim.o
                0x00000000080046bc                TIM_Base_SetConfig
 .text.TIM_OC1_SetConfig
                0x00000000080047fc       0xe0 ./Drivers/STM32F4xx_HAL_Driver/Src/stm32f4xx_hal_tim.o
 .text.TIM_OC2_SetConfig
                0x00000000080048dc       0xec ./Drivers/STM32F4xx_HAL_Driver/Src/stm32f4xx_hal_tim.o
                0x00000000080048dc                TIM_OC2_SetConfig
 .text.TIM_OC3_SetConfig
                0x00000000080049c8       0xe8 ./Drivers/STM32F4xx_HAL_Driver/Src/stm32f4xx_hal_tim.o
 .text.TIM_OC4_SetConfig
                0x0000000008004ab0       0xac ./Drivers/STM32F4xx_HAL_Driver/Src/stm32f4xx_hal_tim.o
 .text.TIM_TI1_ConfigInputStage
                0x0000000008004b5c       0x5e ./Drivers/STM32F4xx_HAL_Driver/Src/stm32f4xx_hal_tim.o
 .text.TIM_TI2_ConfigInputStage
                0x0000000008004bba       0x60 ./Drivers/STM32F4xx_HAL_Driver/Src/stm32f4xx_hal_tim.o
 .text.TIM_ITRx_SetConfig
                0x0000000008004c1a       0x36 ./Drivers/STM32F4xx_HAL_Driver/Src/stm32f4xx_hal_tim.o
 .text.TIM_ETR_SetConfig
                0x0000000008004c50       0x40 ./Drivers/STM32F4xx_HAL_Driver/Src/stm32f4xx_hal_tim.o
                0x0000000008004c50                TIM_ETR_SetConfig
 .text.TIM_CCxChannelCmd
                0x0000000008004c90       0x4a ./Drivers/STM32F4xx_HAL_Driver/Src/stm32f4xx_hal_tim.o
                0x0000000008004c90                TIM_CCxChannelCmd
 *fill*         0x0000000008004cda        0x2 
 .text.HAL_TIMEx_MasterConfigSynchronization
                0x0000000008004cdc       0xf8 ./Drivers/STM32F4xx_HAL_Driver/Src/stm32f4xx_hal_tim_ex.o
                0x0000000008004cdc                HAL_TIMEx_MasterConfigSynchronization
 .text.HAL_TIMEx_ConfigBreakDeadTime
                0x0000000008004dd4       0xa4 ./Drivers/STM32F4xx_HAL_Driver/Src/stm32f4xx_hal_tim_ex.o
                0x0000000008004dd4                HAL_TIMEx_ConfigBreakDeadTime
 .text.HAL_TIMEx_CommutCallback
                0x0000000008004e78       0x14 ./Drivers/STM32F4xx_HAL_Driver/Src/stm32f4xx_hal_tim_ex.o
                0x0000000008004e78                HAL_TIMEx_CommutCallback
 .text.HAL_TIMEx_BreakCallback
                0x0000000008004e8c       0x14 ./Drivers/STM32F4xx_HAL_Driver/Src/stm32f4xx_hal_tim_ex.o
                0x0000000008004e8c                HAL_TIMEx_BreakCallback
 .text.HAL_UART_Init
                0x0000000008004ea0       0x9a ./Drivers/STM32F4xx_HAL_Driver/Src/stm32f4xx_hal_uart.o
                0x0000000008004ea0                HAL_UART_Init
 .text.HAL_UART_Transmit
                0x0000000008004f3a      0x132 ./Drivers/STM32F4xx_HAL_Driver/Src/stm32f4xx_hal_uart.o
                0x0000000008004f3a                HAL_UART_Transmit
 .text.HAL_UART_Transmit_IT
                0x000000000800506c       0x8a ./Drivers/STM32F4xx_HAL_Driver/Src/stm32f4xx_hal_uart.o
                0x000000000800506c                HAL_UART_Transmit_IT
 *fill*         0x00000000080050f6        0x2 
 .text.HAL_UART_IRQHandler
                0x00000000080050f8      0x200 ./Drivers/STM32F4xx_HAL_Driver/Src/stm32f4xx_hal_uart.o
                0x00000000080050f8                HAL_UART_IRQHandler
 .text.HAL_UART_ErrorCallback
                0x00000000080052f8       0x14 ./Drivers/STM32F4xx_HAL_Driver/Src/stm32f4xx_hal_uart.o
                0x00000000080052f8                HAL_UART_ErrorCallback
 .text.UART_WaitOnFlagUntilTimeout
                0x000000000800530c       0x94 ./Drivers/STM32F4xx_HAL_Driver/Src/stm32f4xx_hal_uart.o
 .text.UART_EndRxTransfer
                0x00000000080053a0       0x3c ./Drivers/STM32F4xx_HAL_Driver/Src/stm32f4xx_hal_uart.o
 .text.UART_DMAAbortOnError
                0x00000000080053dc       0x28 ./Drivers/STM32F4xx_HAL_Driver/Src/stm32f4xx_hal_uart.o
 .text.UART_Transmit_IT
                0x0000000008005404       0xac ./Drivers/STM32F4xx_HAL_Driver/Src/stm32f4xx_hal_uart.o
 .text.UART_EndTransmit_IT
                0x00000000080054b0       0x30 ./Drivers/STM32F4xx_HAL_Driver/Src/stm32f4xx_hal_uart.o
 .text.UART_Receive_IT
                0x00000000080054e0      0x102 ./Drivers/STM32F4xx_HAL_Driver/Src/stm32f4xx_hal_uart.o
 *fill*         0x00000000080055e2        0x2 
 .text.UART_SetConfig
                0x00000000080055e4      0x99c ./Drivers/STM32F4xx_HAL_Driver/Src/stm32f4xx_hal_uart.o
 .text.__libc_init_array
                0x0000000008005f80       0x48 d:/itmo/4 year/pvs/stm32cubeide_1.9.0/stm32cubeide/plugins/com.st.stm32cube.ide.mcu.externaltools.gnu-tools-for-stm32.10.3-2021.10.win32_1.0.0.202111181127/tools/bin/../lib/gcc/arm-none-eabi/10.3.1/../../../../arm-none-eabi/lib/thumb/v7e-m+fp/hard\libc_nano.a(lib_a-init.o)
                0x0000000008005f80                __libc_init_array
 .text.memcpy   0x0000000008005fc8       0x1c d:/itmo/4 year/pvs/stm32cubeide_1.9.0/stm32cubeide/plugins/com.st.stm32cube.ide.mcu.externaltools.gnu-tools-for-stm32.10.3-2021.10.win32_1.0.0.202111181127/tools/bin/../lib/gcc/arm-none-eabi/10.3.1/../../../../arm-none-eabi/lib/thumb/v7e-m+fp/hard\libc_nano.a(lib_a-memcpy-stub.o)
                0x0000000008005fc8                memcpy
 .text.memset   0x0000000008005fe4       0x10 d:/itmo/4 year/pvs/stm32cubeide_1.9.0/stm32cubeide/plugins/com.st.stm32cube.ide.mcu.externaltools.gnu-tools-for-stm32.10.3-2021.10.win32_1.0.0.202111181127/tools/bin/../lib/gcc/arm-none-eabi/10.3.1/../../../../arm-none-eabi/lib/thumb/v7e-m+fp/hard\libc_nano.a(lib_a-memset.o)
                0x0000000008005fe4                memset
 .text.strcpy   0x0000000008005ff4       0x10 d:/itmo/4 year/pvs/stm32cubeide_1.9.0/stm32cubeide/plugins/com.st.stm32cube.ide.mcu.externaltools.gnu-tools-for-stm32.10.3-2021.10.win32_1.0.0.202111181127/tools/bin/../lib/gcc/arm-none-eabi/10.3.1/../../../../arm-none-eabi/lib/thumb/v7e-m+fp/hard\libc_nano.a(lib_a-strcpy.o)
                0x0000000008005ff4                strcpy
 *(.glue_7)
 .glue_7        0x0000000008006004        0x0 linker stubs
 *(.glue_7t)
 .glue_7t       0x0000000008006004        0x0 linker stubs
 *(.eh_frame)
 .eh_frame      0x0000000008006004        0x0 d:/itmo/4 year/pvs/stm32cubeide_1.9.0/stm32cubeide/plugins/com.st.stm32cube.ide.mcu.externaltools.gnu-tools-for-stm32.10.3-2021.10.win32_1.0.0.202111181127/tools/bin/../lib/gcc/arm-none-eabi/10.3.1/thumb/v7e-m+fp/hard/crtbegin.o
 *(.init)
 .init          0x0000000008006004        0x4 d:/itmo/4 year/pvs/stm32cubeide_1.9.0/stm32cubeide/plugins/com.st.stm32cube.ide.mcu.externaltools.gnu-tools-for-stm32.10.3-2021.10.win32_1.0.0.202111181127/tools/bin/../lib/gcc/arm-none-eabi/10.3.1/thumb/v7e-m+fp/hard/crti.o
                0x0000000008006004                _init
 .init          0x0000000008006008        0x8 d:/itmo/4 year/pvs/stm32cubeide_1.9.0/stm32cubeide/plugins/com.st.stm32cube.ide.mcu.externaltools.gnu-tools-for-stm32.10.3-2021.10.win32_1.0.0.202111181127/tools/bin/../lib/gcc/arm-none-eabi/10.3.1/thumb/v7e-m+fp/hard/crtn.o
 *(.fini)
 .fini          0x0000000008006010        0x4 d:/itmo/4 year/pvs/stm32cubeide_1.9.0/stm32cubeide/plugins/com.st.stm32cube.ide.mcu.externaltools.gnu-tools-for-stm32.10.3-2021.10.win32_1.0.0.202111181127/tools/bin/../lib/gcc/arm-none-eabi/10.3.1/thumb/v7e-m+fp/hard/crti.o
                0x0000000008006010                _fini
 .fini          0x0000000008006014        0x8 d:/itmo/4 year/pvs/stm32cubeide_1.9.0/stm32cubeide/plugins/com.st.stm32cube.ide.mcu.externaltools.gnu-tools-for-stm32.10.3-2021.10.win32_1.0.0.202111181127/tools/bin/../lib/gcc/arm-none-eabi/10.3.1/thumb/v7e-m+fp/hard/crtn.o
                0x000000000800601c                . = ALIGN (0x4)
                0x000000000800601c                _etext = .

.vfp11_veneer   0x000000000800601c        0x0
 .vfp11_veneer  0x000000000800601c        0x0 linker stubs

.v4_bx          0x000000000800601c        0x0
 .v4_bx         0x000000000800601c        0x0 linker stubs

.iplt           0x000000000800601c        0x0
 .iplt          0x000000000800601c        0x0 d:/itmo/4 year/pvs/stm32cubeide_1.9.0/stm32cubeide/plugins/com.st.stm32cube.ide.mcu.externaltools.gnu-tools-for-stm32.10.3-2021.10.win32_1.0.0.202111181127/tools/bin/../lib/gcc/arm-none-eabi/10.3.1/thumb/v7e-m+fp/hard/crtbegin.o

.rodata         0x000000000800601c      0xa24
                0x000000000800601c                . = ALIGN (0x4)
 *(.rodata)
 .rodata        0x000000000800601c      0x908 ./Core/Src/main.o
 *(.rodata*)
 .rodata.AHBPrescTable
                0x0000000008006924       0x10 ./Core/Src/system_stm32f4xx.o
                0x0000000008006924                AHBPrescTable
 .rodata.APBPrescTable
                0x0000000008006934        0x8 ./Core/Src/system_stm32f4xx.o
                0x0000000008006934                APBPrescTable
 .rodata._ctype_
                0x000000000800693c      0x101 d:/itmo/4 year/pvs/stm32cubeide_1.9.0/stm32cubeide/plugins/com.st.stm32cube.ide.mcu.externaltools.gnu-tools-for-stm32.10.3-2021.10.win32_1.0.0.202111181127/tools/bin/../lib/gcc/arm-none-eabi/10.3.1/../../../../arm-none-eabi/lib/thumb/v7e-m+fp/hard\libc_nano.a(lib_a-ctype_.o)
                0x000000000800693c                _ctype_
                0x0000000008006a40                . = ALIGN (0x4)
 *fill*         0x0000000008006a3d        0x3 

.ARM.extab      0x0000000008006a40        0x0
                0x0000000008006a40                . = ALIGN (0x4)
 *(.ARM.extab* .gnu.linkonce.armextab.*)
                0x0000000008006a40                . = ALIGN (0x4)

.ARM            0x0000000008006a40        0x8
                0x0000000008006a40                . = ALIGN (0x4)
                0x0000000008006a40                __exidx_start = .
 *(.ARM.exidx*)
 .ARM.exidx     0x0000000008006a40        0x8 d:/itmo/4 year/pvs/stm32cubeide_1.9.0/stm32cubeide/plugins/com.st.stm32cube.ide.mcu.externaltools.gnu-tools-for-stm32.10.3-2021.10.win32_1.0.0.202111181127/tools/bin/../lib/gcc/arm-none-eabi/10.3.1/thumb/v7e-m+fp/hard\libgcc.a(_udivmoddi4.o)
                0x0000000008006a48                __exidx_end = .
                0x0000000008006a48                . = ALIGN (0x4)

.rel.dyn        0x0000000008006a48        0x0
 .rel.iplt      0x0000000008006a48        0x0 d:/itmo/4 year/pvs/stm32cubeide_1.9.0/stm32cubeide/plugins/com.st.stm32cube.ide.mcu.externaltools.gnu-tools-for-stm32.10.3-2021.10.win32_1.0.0.202111181127/tools/bin/../lib/gcc/arm-none-eabi/10.3.1/thumb/v7e-m+fp/hard/crtbegin.o

.preinit_array  0x0000000008006a48        0x0
                0x0000000008006a48                . = ALIGN (0x4)
                0x0000000008006a48                PROVIDE (__preinit_array_start = .)
 *(.preinit_array*)
                0x0000000008006a48                PROVIDE (__preinit_array_end = .)
                0x0000000008006a48                . = ALIGN (0x4)

.init_array     0x0000000008006a48        0x4
                0x0000000008006a48                . = ALIGN (0x4)
                0x0000000008006a48                PROVIDE (__init_array_start = .)
 *(SORT_BY_NAME(.init_array.*))
 *(.init_array*)
 .init_array    0x0000000008006a48        0x4 d:/itmo/4 year/pvs/stm32cubeide_1.9.0/stm32cubeide/plugins/com.st.stm32cube.ide.mcu.externaltools.gnu-tools-for-stm32.10.3-2021.10.win32_1.0.0.202111181127/tools/bin/../lib/gcc/arm-none-eabi/10.3.1/thumb/v7e-m+fp/hard/crtbegin.o
                0x0000000008006a4c                PROVIDE (__init_array_end = .)
                0x0000000008006a4c                . = ALIGN (0x4)

.fini_array     0x0000000008006a4c        0x4
                0x0000000008006a4c                . = ALIGN (0x4)
                [!provide]                        PROVIDE (__fini_array_start = .)
 *(SORT_BY_NAME(.fini_array.*))
 *(.fini_array*)
 .fini_array    0x0000000008006a4c        0x4 d:/itmo/4 year/pvs/stm32cubeide_1.9.0/stm32cubeide/plugins/com.st.stm32cube.ide.mcu.externaltools.gnu-tools-for-stm32.10.3-2021.10.win32_1.0.0.202111181127/tools/bin/../lib/gcc/arm-none-eabi/10.3.1/thumb/v7e-m+fp/hard/crtbegin.o
                [!provide]                        PROVIDE (__fini_array_end = .)
                0x0000000008006a50                . = ALIGN (0x4)
                0x0000000008006a50                _sidata = LOADADDR (.data)

.data           0x0000000020000000     0x17e4 load address 0x0000000008006a50
                0x0000000020000000                . = ALIGN (0x4)
                0x0000000020000000                _sdata = .
 *(.data)
 *(.data*)
 .data.starwars2_melody
                0x0000000020000000      0x10c ./Core/Src/main.o
                0x0000000020000000                starwars2_melody
 .data.starwars2_delays
                0x000000002000010c      0x10c ./Core/Src/main.o
                0x000000002000010c                starwars2_delays
 .data.antoshka_melody
                0x0000000020000218      0x10c ./Core/Src/main.o
                0x0000000020000218                antoshka_melody
 .data.antoshka_delays
                0x0000000020000324      0x108 ./Core/Src/main.o
                0x0000000020000324                antoshka_delays
 .data.megalovania_melody
                0x000000002000042c      0x560 ./Core/Src/main.o
                0x000000002000042c                megalovania_melody
 .data.megalovania_delays
                0x000000002000098c      0x560 ./Core/Src/main.o
                0x000000002000098c                megalovania_delays
 .data.zelda_melody
                0x0000000020000eec      0x430 ./Core/Src/main.o
                0x0000000020000eec                zelda_melody
 .data.zelda_delays
                0x000000002000131c      0x430 ./Core/Src/main.o
                0x000000002000131c                zelda_delays
 .data.start_melody
                0x000000002000174c       0x24 ./Core/Src/main.o
                0x000000002000174c                start_melody
 .data.start_delays
                0x0000000020001770       0x24 ./Core/Src/main.o
                0x0000000020001770                start_delays
 .data.stop_delays
                0x0000000020001794        0x4 ./Core/Src/main.o
                0x0000000020001794                stop_delays
 .data.duration
                0x0000000020001798        0x4 ./Core/Src/main.o
                0x0000000020001798                duration
 .data.melody_playing
                0x000000002000179c        0x1 ./Core/Src/main.o
                0x000000002000179c                melody_playing
 *fill*         0x000000002000179d        0x3 
 .data.melody   0x00000000200017a0        0x4 ./Core/Src/main.o
                0x00000000200017a0                melody
 .data.melody_delays
                0x00000000200017a4        0x4 ./Core/Src/main.o
                0x00000000200017a4                melody_delays
 .data.melody_size
                0x00000000200017a8        0x4 ./Core/Src/main.o
                0x00000000200017a8                melody_size
 .data.is_music_mode
                0x00000000200017ac        0x1 ./Core/Src/main.o
                0x00000000200017ac                is_music_mode
 *fill*         0x00000000200017ad        0x3 
 .data.last_pressed_btn_index
                0x00000000200017b0        0x4 ./Core/Src/main.o
                0x00000000200017b0                last_pressed_btn_index
 .data.music    0x00000000200017b4        0xc ./Core/Src/main.o
                0x00000000200017b4                music
 .data.settings
                0x00000000200017c0        0xc ./Core/Src/main.o
                0x00000000200017c0                settings
 .data.save_exit
                0x00000000200017cc        0xc ./Core/Src/main.o
                0x00000000200017cc                save_exit
 .data.SystemCoreClock
                0x00000000200017d8        0x4 ./Core/Src/system_stm32f4xx.o
                0x00000000200017d8                SystemCoreClock
 .data.uwTickPrio
                0x00000000200017dc        0x4 ./Drivers/STM32F4xx_HAL_Driver/Src/stm32f4xx_hal.o
                0x00000000200017dc                uwTickPrio
 .data.uwTickFreq
                0x00000000200017e0        0x1 ./Drivers/STM32F4xx_HAL_Driver/Src/stm32f4xx_hal.o
                0x00000000200017e0                uwTickFreq
                0x00000000200017e4                . = ALIGN (0x4)
 *fill*         0x00000000200017e1        0x3 
                0x00000000200017e4                _edata = .

.igot.plt       0x00000000200017e4        0x0 load address 0x0000000008008234
 .igot.plt      0x00000000200017e4        0x0 d:/itmo/4 year/pvs/stm32cubeide_1.9.0/stm32cubeide/plugins/com.st.stm32cube.ide.mcu.externaltools.gnu-tools-for-stm32.10.3-2021.10.win32_1.0.0.202111181127/tools/bin/../lib/gcc/arm-none-eabi/10.3.1/thumb/v7e-m+fp/hard/crtbegin.o
                0x00000000200017e4                . = ALIGN (0x4)

.bss            0x00000000200017e4     0x4980 load address 0x0000000008008234
                0x00000000200017e4                _sbss = .
                0x00000000200017e4                __bss_start__ = _sbss
 *(.bss)
 .bss           0x00000000200017e4       0x1c d:/itmo/4 year/pvs/stm32cubeide_1.9.0/stm32cubeide/plugins/com.st.stm32cube.ide.mcu.externaltools.gnu-tools-for-stm32.10.3-2021.10.win32_1.0.0.202111181127/tools/bin/../lib/gcc/arm-none-eabi/10.3.1/thumb/v7e-m+fp/hard/crtbegin.o
 *(.bss*)
 .bss.stop_melody
                0x0000000020001800        0x4 ./Core/Src/main.o
                0x0000000020001800                stop_melody
 .bss.hi2c1     0x0000000020001804       0x54 ./Core/Src/main.o
                0x0000000020001804                hi2c1
 .bss.htim1     0x0000000020001858       0x40 ./Core/Src/main.o
                0x0000000020001858                htim1
 .bss.htim6     0x0000000020001898       0x40 ./Core/Src/main.o
                0x0000000020001898                htim6
 .bss.huart6    0x00000000200018d8       0x40 ./Core/Src/main.o
                0x00000000200018d8                huart6
 .bss.ringBufferRx
                0x0000000020001918     0x2003 ./Core/Src/main.o
 *fill*         0x000000002000391b        0x1 
 .bss.ringBufferTx
                0x000000002000391c     0x2003 ./Core/Src/main.o
 *fill*         0x000000002000591f        0x1 
 .bss.el        0x0000000020005920        0x2 ./Core/Src/main.o
 *fill*         0x0000000020005922        0x2 
 .bss.status    0x0000000020005924        0x8 ./Core/Src/main.o
 .bss.transmit_busy
                0x000000002000592c        0x1 ./Core/Src/main.o
                0x000000002000592c                transmit_busy
 *fill*         0x000000002000592d        0x3 
 .bss.user_melody
                0x0000000020005930      0x400 ./Core/Src/main.o
                0x0000000020005930                user_melody
 .bss.user_delays
                0x0000000020005d30      0x400 ./Core/Src/main.o
                0x0000000020005d30                user_delays
 .bss.user_melody_size
                0x0000000020006130        0x4 ./Core/Src/main.o
                0x0000000020006130                user_melody_size
 .bss.i         0x0000000020006134        0x4 ./Core/Src/main.o
                0x0000000020006134                i
 .bss.is_settings_2
                0x0000000020006138        0x1 ./Core/Src/main.o
                0x0000000020006138                is_settings_2
 *fill*         0x0000000020006139        0x3 
 .bss.last_pressing_time
                0x000000002000613c        0x4 ./Core/Src/main.o
                0x000000002000613c                last_pressing_time
 .bss.is_test_keyboard_mode
                0x0000000020006140        0x1 ./Core/Src/main.o
                0x0000000020006140                is_test_keyboard_mode
 .bss.last_btn_state
                0x0000000020006141        0x1 ./Core/Src/main.o
                0x0000000020006141                last_btn_state
 *fill*         0x0000000020006142        0x2 
 .bss.stroka    0x0000000020006144       0x10 ./Core/Src/main.o
                0x0000000020006144                stroka
 .bss.stolbec   0x0000000020006154        0xc ./Core/Src/main.o
                0x0000000020006154                stolbec
 .bss.uwTick    0x0000000020006160        0x4 ./Drivers/STM32F4xx_HAL_Driver/Src/stm32f4xx_hal.o
                0x0000000020006160                uwTick
 *(COMMON)
                0x0000000020006164                . = ALIGN (0x4)
                0x0000000020006164                _ebss = .
                0x0000000020006164                __bss_end__ = _ebss

._user_heap_stack
                0x0000000020006164      0x604 load address 0x0000000008008234
                0x0000000020006168                . = ALIGN (0x8)
 *fill*         0x0000000020006164        0x4 
                0x0000000020006168                PROVIDE (end = .)
                [!provide]                        PROVIDE (_end = .)
                0x0000000020006368                . = (. + _Min_Heap_Size)
 *fill*         0x0000000020006168      0x200 
                0x0000000020006768                . = (. + _Min_Stack_Size)
 *fill*         0x0000000020006368      0x400 
                0x0000000020006768                . = ALIGN (0x8)

/DISCARD/
 libc.a(*)
 libm.a(*)
 libgcc.a(*)

.ARM.attributes
                0x0000000000000000       0x30
 *(.ARM.attributes)
 .ARM.attributes
                0x0000000000000000       0x1e d:/itmo/4 year/pvs/stm32cubeide_1.9.0/stm32cubeide/plugins/com.st.stm32cube.ide.mcu.externaltools.gnu-tools-for-stm32.10.3-2021.10.win32_1.0.0.202111181127/tools/bin/../lib/gcc/arm-none-eabi/10.3.1/thumb/v7e-m+fp/hard/crti.o
 .ARM.attributes
                0x000000000000001e       0x34 d:/itmo/4 year/pvs/stm32cubeide_1.9.0/stm32cubeide/plugins/com.st.stm32cube.ide.mcu.externaltools.gnu-tools-for-stm32.10.3-2021.10.win32_1.0.0.202111181127/tools/bin/../lib/gcc/arm-none-eabi/10.3.1/thumb/v7e-m+fp/hard/crtbegin.o
 .ARM.attributes
                0x0000000000000052       0x34 ./Core/Src/main.o
 .ARM.attributes
                0x0000000000000086       0x34 ./Core/Src/stm32f4xx_hal_msp.o
 .ARM.attributes
                0x00000000000000ba       0x34 ./Core/Src/stm32f4xx_it.o
 .ARM.attributes
                0x00000000000000ee       0x34 ./Core/Src/system_stm32f4xx.o
 .ARM.attributes
                0x0000000000000122       0x21 ./Core/Startup/startup_stm32f427vitx.o
 .ARM.attributes
                0x0000000000000143       0x34 ./Drivers/STM32F4xx_HAL_Driver/Src/stm32f4xx_hal.o
 .ARM.attributes
                0x0000000000000177       0x34 ./Drivers/STM32F4xx_HAL_Driver/Src/stm32f4xx_hal_cortex.o
 .ARM.attributes
                0x00000000000001ab       0x34 ./Drivers/STM32F4xx_HAL_Driver/Src/stm32f4xx_hal_dma.o
 .ARM.attributes
                0x00000000000001df       0x34 ./Drivers/STM32F4xx_HAL_Driver/Src/stm32f4xx_hal_gpio.o
 .ARM.attributes
                0x0000000000000213       0x34 ./Drivers/STM32F4xx_HAL_Driver/Src/stm32f4xx_hal_i2c.o
 .ARM.attributes
                0x0000000000000247       0x34 ./Drivers/STM32F4xx_HAL_Driver/Src/stm32f4xx_hal_i2c_ex.o
 .ARM.attributes
                0x000000000000027b       0x34 ./Drivers/STM32F4xx_HAL_Driver/Src/stm32f4xx_hal_pwr_ex.o
 .ARM.attributes
                0x00000000000002af       0x34 ./Drivers/STM32F4xx_HAL_Driver/Src/stm32f4xx_hal_rcc.o
 .ARM.attributes
                0x00000000000002e3       0x34 ./Drivers/STM32F4xx_HAL_Driver/Src/stm32f4xx_hal_tim.o
 .ARM.attributes
                0x0000000000000317       0x34 ./Drivers/STM32F4xx_HAL_Driver/Src/stm32f4xx_hal_tim_ex.o
 .ARM.attributes
                0x000000000000034b       0x34 ./Drivers/STM32F4xx_HAL_Driver/Src/stm32f4xx_hal_uart.o
 .ARM.attributes
                0x000000000000037f       0x34 d:/itmo/4 year/pvs/stm32cubeide_1.9.0/stm32cubeide/plugins/com.st.stm32cube.ide.mcu.externaltools.gnu-tools-for-stm32.10.3-2021.10.win32_1.0.0.202111181127/tools/bin/../lib/gcc/arm-none-eabi/10.3.1/../../../../arm-none-eabi/lib/thumb/v7e-m+fp/hard\libc_nano.a(lib_a-ctype_.o)
 .ARM.attributes
                0x00000000000003b3       0x34 d:/itmo/4 year/pvs/stm32cubeide_1.9.0/stm32cubeide/plugins/com.st.stm32cube.ide.mcu.externaltools.gnu-tools-for-stm32.10.3-2021.10.win32_1.0.0.202111181127/tools/bin/../lib/gcc/arm-none-eabi/10.3.1/../../../../arm-none-eabi/lib/thumb/v7e-m+fp/hard\libc_nano.a(lib_a-init.o)
 .ARM.attributes
                0x00000000000003e7       0x34 d:/itmo/4 year/pvs/stm32cubeide_1.9.0/stm32cubeide/plugins/com.st.stm32cube.ide.mcu.externaltools.gnu-tools-for-stm32.10.3-2021.10.win32_1.0.0.202111181127/tools/bin/../lib/gcc/arm-none-eabi/10.3.1/../../../../arm-none-eabi/lib/thumb/v7e-m+fp/hard\libc_nano.a(lib_a-memcpy-stub.o)
 .ARM.attributes
                0x000000000000041b       0x34 d:/itmo/4 year/pvs/stm32cubeide_1.9.0/stm32cubeide/plugins/com.st.stm32cube.ide.mcu.externaltools.gnu-tools-for-stm32.10.3-2021.10.win32_1.0.0.202111181127/tools/bin/../lib/gcc/arm-none-eabi/10.3.1/../../../../arm-none-eabi/lib/thumb/v7e-m+fp/hard\libc_nano.a(lib_a-memset.o)
 .ARM.attributes
                0x000000000000044f       0x34 d:/itmo/4 year/pvs/stm32cubeide_1.9.0/stm32cubeide/plugins/com.st.stm32cube.ide.mcu.externaltools.gnu-tools-for-stm32.10.3-2021.10.win32_1.0.0.202111181127/tools/bin/../lib/gcc/arm-none-eabi/10.3.1/../../../../arm-none-eabi/lib/thumb/v7e-m+fp/hard\libc_nano.a(lib_a-strcpy.o)
 .ARM.attributes
                0x0000000000000483       0x17 d:/itmo/4 year/pvs/stm32cubeide_1.9.0/stm32cubeide/plugins/com.st.stm32cube.ide.mcu.externaltools.gnu-tools-for-stm32.10.3-2021.10.win32_1.0.0.202111181127/tools/bin/../lib/gcc/arm-none-eabi/10.3.1/../../../../arm-none-eabi/lib/thumb/v7e-m+fp/hard\libc_nano.a(lib_a-strlen.o)
 .ARM.attributes
                0x000000000000049a       0x1e d:/itmo/4 year/pvs/stm32cubeide_1.9.0/stm32cubeide/plugins/com.st.stm32cube.ide.mcu.externaltools.gnu-tools-for-stm32.10.3-2021.10.win32_1.0.0.202111181127/tools/bin/../lib/gcc/arm-none-eabi/10.3.1/thumb/v7e-m+fp/hard\libgcc.a(_aeabi_uldivmod.o)
 .ARM.attributes
                0x00000000000004b8       0x34 d:/itmo/4 year/pvs/stm32cubeide_1.9.0/stm32cubeide/plugins/com.st.stm32cube.ide.mcu.externaltools.gnu-tools-for-stm32.10.3-2021.10.win32_1.0.0.202111181127/tools/bin/../lib/gcc/arm-none-eabi/10.3.1/thumb/v7e-m+fp/hard\libgcc.a(_udivmoddi4.o)
 .ARM.attributes
                0x00000000000004ec       0x1e d:/itmo/4 year/pvs/stm32cubeide_1.9.0/stm32cubeide/plugins/com.st.stm32cube.ide.mcu.externaltools.gnu-tools-for-stm32.10.3-2021.10.win32_1.0.0.202111181127/tools/bin/../lib/gcc/arm-none-eabi/10.3.1/thumb/v7e-m+fp/hard\libgcc.a(_dvmd_tls.o)
 .ARM.attributes
                0x000000000000050a       0x1e d:/itmo/4 year/pvs/stm32cubeide_1.9.0/stm32cubeide/plugins/com.st.stm32cube.ide.mcu.externaltools.gnu-tools-for-stm32.10.3-2021.10.win32_1.0.0.202111181127/tools/bin/../lib/gcc/arm-none-eabi/10.3.1/thumb/v7e-m+fp/hard/crtn.o
OUTPUT(Lab_3.elf elf32-littlearm)
LOAD linker stubs
LOAD d:/itmo/4 year/pvs/stm32cubeide_1.9.0/stm32cubeide/plugins/com.st.stm32cube.ide.mcu.externaltools.gnu-tools-for-stm32.10.3-2021.10.win32_1.0.0.202111181127/tools/bin/../lib/gcc/arm-none-eabi/10.3.1/../../../../arm-none-eabi/lib/thumb/v7e-m+fp/hard\libc.a
LOAD d:/itmo/4 year/pvs/stm32cubeide_1.9.0/stm32cubeide/plugins/com.st.stm32cube.ide.mcu.externaltools.gnu-tools-for-stm32.10.3-2021.10.win32_1.0.0.202111181127/tools/bin/../lib/gcc/arm-none-eabi/10.3.1/../../../../arm-none-eabi/lib/thumb/v7e-m+fp/hard\libm.a
LOAD d:/itmo/4 year/pvs/stm32cubeide_1.9.0/stm32cubeide/plugins/com.st.stm32cube.ide.mcu.externaltools.gnu-tools-for-stm32.10.3-2021.10.win32_1.0.0.202111181127/tools/bin/../lib/gcc/arm-none-eabi/10.3.1/thumb/v7e-m+fp/hard\libgcc.a

.debug_info     0x0000000000000000     0xf66e
 .debug_info    0x0000000000000000     0x239a ./Core/Src/main.o
 .debug_info    0x000000000000239a     0x12c2 ./Core/Src/stm32f4xx_hal_msp.o
 .debug_info    0x000000000000365c      0x910 ./Core/Src/stm32f4xx_it.o
 .debug_info    0x0000000000003f6c      0x53f ./Core/Src/system_stm32f4xx.o
 .debug_info    0x00000000000044ab       0x22 ./Core/Startup/startup_stm32f427vitx.o
 .debug_info    0x00000000000044cd      0x9e8 ./Drivers/STM32F4xx_HAL_Driver/Src/stm32f4xx_hal.o
 .debug_info    0x0000000000004eb5      0xe45 ./Drivers/STM32F4xx_HAL_Driver/Src/stm32f4xx_hal_cortex.o
 .debug_info    0x0000000000005cfa      0x94f ./Drivers/STM32F4xx_HAL_Driver/Src/stm32f4xx_hal_dma.o
 .debug_info    0x0000000000006649      0x776 ./Drivers/STM32F4xx_HAL_Driver/Src/stm32f4xx_hal_gpio.o
 .debug_info    0x0000000000006dbf     0x2585 ./Drivers/STM32F4xx_HAL_Driver/Src/stm32f4xx_hal_i2c.o
 .debug_info    0x0000000000009344      0x6ba ./Drivers/STM32F4xx_HAL_Driver/Src/stm32f4xx_hal_i2c_ex.o
 .debug_info    0x00000000000099fe      0x6e6 ./Drivers/STM32F4xx_HAL_Driver/Src/stm32f4xx_hal_pwr_ex.o
 .debug_info    0x000000000000a0e4      0x982 ./Drivers/STM32F4xx_HAL_Driver/Src/stm32f4xx_hal_rcc.o
 .debug_info    0x000000000000aa66     0x266a ./Drivers/STM32F4xx_HAL_Driver/Src/stm32f4xx_hal_tim.o
 .debug_info    0x000000000000d0d0     0x128a ./Drivers/STM32F4xx_HAL_Driver/Src/stm32f4xx_hal_tim_ex.o
 .debug_info    0x000000000000e35a     0x1314 ./Drivers/STM32F4xx_HAL_Driver/Src/stm32f4xx_hal_uart.o

.debug_abbrev   0x0000000000000000     0x2152
 .debug_abbrev  0x0000000000000000      0x3f1 ./Core/Src/main.o
 .debug_abbrev  0x00000000000003f1      0x203 ./Core/Src/stm32f4xx_hal_msp.o
 .debug_abbrev  0x00000000000005f4      0x184 ./Core/Src/stm32f4xx_it.o
 .debug_abbrev  0x0000000000000778      0x116 ./Core/Src/system_stm32f4xx.o
 .debug_abbrev  0x000000000000088e       0x12 ./Core/Startup/startup_stm32f427vitx.o
 .debug_abbrev  0x00000000000008a0      0x20d ./Drivers/STM32F4xx_HAL_Driver/Src/stm32f4xx_hal.o
 .debug_abbrev  0x0000000000000aad      0x316 ./Drivers/STM32F4xx_HAL_Driver/Src/stm32f4xx_hal_cortex.o
 .debug_abbrev  0x0000000000000dc3      0x25b ./Drivers/STM32F4xx_HAL_Driver/Src/stm32f4xx_hal_dma.o
 .debug_abbrev  0x000000000000101e      0x1c4 ./Drivers/STM32F4xx_HAL_Driver/Src/stm32f4xx_hal_gpio.o
 .debug_abbrev  0x00000000000011e2      0x297 ./Drivers/STM32F4xx_HAL_Driver/Src/stm32f4xx_hal_i2c.o
 .debug_abbrev  0x0000000000001479      0x14c ./Drivers/STM32F4xx_HAL_Driver/Src/stm32f4xx_hal_i2c_ex.o
 .debug_abbrev  0x00000000000015c5      0x1c9 ./Drivers/STM32F4xx_HAL_Driver/Src/stm32f4xx_hal_pwr_ex.o
 .debug_abbrev  0x000000000000178e      0x2aa ./Drivers/STM32F4xx_HAL_Driver/Src/stm32f4xx_hal_rcc.o
 .debug_abbrev  0x0000000000001a38      0x25d ./Drivers/STM32F4xx_HAL_Driver/Src/stm32f4xx_hal_tim.o
 .debug_abbrev  0x0000000000001c95      0x24b ./Drivers/STM32F4xx_HAL_Driver/Src/stm32f4xx_hal_tim_ex.o
 .debug_abbrev  0x0000000000001ee0      0x272 ./Drivers/STM32F4xx_HAL_Driver/Src/stm32f4xx_hal_uart.o

.debug_aranges  0x0000000000000000      0xf70
 .debug_aranges
                0x0000000000000000       0xe8 ./Core/Src/main.o
 .debug_aranges
                0x00000000000000e8       0x58 ./Core/Src/stm32f4xx_hal_msp.o
 .debug_aranges
                0x0000000000000140       0x70 ./Core/Src/stm32f4xx_it.o
 .debug_aranges
                0x00000000000001b0       0x28 ./Core/Src/system_stm32f4xx.o
 .debug_aranges
                0x00000000000001d8       0x28 ./Core/Startup/startup_stm32f427vitx.o
 .debug_aranges
                0x0000000000000200      0x100 ./Drivers/STM32F4xx_HAL_Driver/Src/stm32f4xx_hal.o
 .debug_aranges
                0x0000000000000300      0x118 ./Drivers/STM32F4xx_HAL_Driver/Src/stm32f4xx_hal_cortex.o
 .debug_aranges
                0x0000000000000418       0x90 ./Drivers/STM32F4xx_HAL_Driver/Src/stm32f4xx_hal_dma.o
 .debug_aranges
                0x00000000000004a8       0x58 ./Drivers/STM32F4xx_HAL_Driver/Src/stm32f4xx_hal_gpio.o
 .debug_aranges
                0x0000000000000500      0x298 ./Drivers/STM32F4xx_HAL_Driver/Src/stm32f4xx_hal_i2c.o
 .debug_aranges
                0x0000000000000798       0x28 ./Drivers/STM32F4xx_HAL_Driver/Src/stm32f4xx_hal_i2c_ex.o
 .debug_aranges
                0x00000000000007c0       0x60 ./Drivers/STM32F4xx_HAL_Driver/Src/stm32f4xx_hal_pwr_ex.o
 .debug_aranges
                0x0000000000000820       0x88 ./Drivers/STM32F4xx_HAL_Driver/Src/stm32f4xx_hal_rcc.o
 .debug_aranges
                0x00000000000008a8      0x3a8 ./Drivers/STM32F4xx_HAL_Driver/Src/stm32f4xx_hal_tim.o
 .debug_aranges
                0x0000000000000c50      0x150 ./Drivers/STM32F4xx_HAL_Driver/Src/stm32f4xx_hal_tim_ex.o
 .debug_aranges
                0x0000000000000da0      0x1d0 ./Drivers/STM32F4xx_HAL_Driver/Src/stm32f4xx_hal_uart.o

.debug_ranges   0x0000000000000000      0xe98
 .debug_ranges  0x0000000000000000       0xd8 ./Core/Src/main.o
 .debug_ranges  0x00000000000000d8       0x48 ./Core/Src/stm32f4xx_hal_msp.o
 .debug_ranges  0x0000000000000120       0x60 ./Core/Src/stm32f4xx_it.o
 .debug_ranges  0x0000000000000180       0x18 ./Core/Src/system_stm32f4xx.o
 .debug_ranges  0x0000000000000198       0x20 ./Core/Startup/startup_stm32f427vitx.o
 .debug_ranges  0x00000000000001b8       0xf0 ./Drivers/STM32F4xx_HAL_Driver/Src/stm32f4xx_hal.o
 .debug_ranges  0x00000000000002a8      0x108 ./Drivers/STM32F4xx_HAL_Driver/Src/stm32f4xx_hal_cortex.o
 .debug_ranges  0x00000000000003b0       0x80 ./Drivers/STM32F4xx_HAL_Driver/Src/stm32f4xx_hal_dma.o
 .debug_ranges  0x0000000000000430       0x48 ./Drivers/STM32F4xx_HAL_Driver/Src/stm32f4xx_hal_gpio.o
 .debug_ranges  0x0000000000000478      0x2a8 ./Drivers/STM32F4xx_HAL_Driver/Src/stm32f4xx_hal_i2c.o
 .debug_ranges  0x0000000000000720       0x18 ./Drivers/STM32F4xx_HAL_Driver/Src/stm32f4xx_hal_i2c_ex.o
 .debug_ranges  0x0000000000000738       0x50 ./Drivers/STM32F4xx_HAL_Driver/Src/stm32f4xx_hal_pwr_ex.o
 .debug_ranges  0x0000000000000788       0x78 ./Drivers/STM32F4xx_HAL_Driver/Src/stm32f4xx_hal_rcc.o
 .debug_ranges  0x0000000000000800      0x398 ./Drivers/STM32F4xx_HAL_Driver/Src/stm32f4xx_hal_tim.o
 .debug_ranges  0x0000000000000b98      0x140 ./Drivers/STM32F4xx_HAL_Driver/Src/stm32f4xx_hal_tim_ex.o
 .debug_ranges  0x0000000000000cd8      0x1c0 ./Drivers/STM32F4xx_HAL_Driver/Src/stm32f4xx_hal_uart.o

.debug_macro    0x0000000000000000    0x23947
 .debug_macro   0x0000000000000000      0x3cb ./Core/Src/main.o
 .debug_macro   0x00000000000003cb      0xa78 ./Core/Src/main.o
 .debug_macro   0x0000000000000e43      0x190 ./Core/Src/main.o
 .debug_macro   0x0000000000000fd3       0x32 ./Core/Src/main.o
 .debug_macro   0x0000000000001005       0x28 ./Core/Src/main.o
 .debug_macro   0x000000000000102d       0x22 ./Core/Src/main.o
 .debug_macro   0x000000000000104f       0x8e ./Core/Src/main.o
 .debug_macro   0x00000000000010dd       0x51 ./Core/Src/main.o
 .debug_macro   0x000000000000112e      0x103 ./Core/Src/main.o
 .debug_macro   0x0000000000001231       0x6a ./Core/Src/main.o
 .debug_macro   0x000000000000129b      0x1df ./Core/Src/main.o
 .debug_macro   0x000000000000147a       0x1c ./Core/Src/main.o
 .debug_macro   0x0000000000001496       0x22 ./Core/Src/main.o
 .debug_macro   0x00000000000014b8       0xd9 ./Core/Src/main.o
 .debug_macro   0x0000000000001591     0x102d ./Core/Src/main.o
 .debug_macro   0x00000000000025be      0x11f ./Core/Src/main.o
 .debug_macro   0x00000000000026dd    0x1785a ./Core/Src/main.o
 .debug_macro   0x0000000000019f37       0x43 ./Core/Src/main.o
 .debug_macro   0x0000000000019f7a     0x36c2 ./Core/Src/main.o
 .debug_macro   0x000000000001d63c      0x174 ./Core/Src/main.o
 .debug_macro   0x000000000001d7b0       0x5a ./Core/Src/main.o
 .debug_macro   0x000000000001d80a      0xc6d ./Core/Src/main.o
 .debug_macro   0x000000000001e477      0x9fe ./Core/Src/main.o
 .debug_macro   0x000000000001ee75      0x182 ./Core/Src/main.o
 .debug_macro   0x000000000001eff7      0x117 ./Core/Src/main.o
 .debug_macro   0x000000000001f10e      0x16f ./Core/Src/main.o
 .debug_macro   0x000000000001f27d       0x27 ./Core/Src/main.o
 .debug_macro   0x000000000001f2a4      0x287 ./Core/Src/main.o
 .debug_macro   0x000000000001f52b       0x5f ./Core/Src/main.o
 .debug_macro   0x000000000001f58a      0x236 ./Core/Src/main.o
 .debug_macro   0x000000000001f7c0      0x132 ./Core/Src/main.o
 .debug_macro   0x000000000001f8f2      0x41d ./Core/Src/main.o
 .debug_macro   0x000000000001fd0f       0x2e ./Core/Src/main.o
 .debug_macro   0x000000000001fd3d      0x1b5 ./Core/Src/main.o
 .debug_macro   0x000000000001fef2       0x22 ./Core/Src/main.o
 .debug_macro   0x000000000001ff14       0xd6 ./Core/Src/main.o
 .debug_macro   0x000000000001ffea      0x11a ./Core/Src/main.o
 .debug_macro   0x0000000000020104       0xe2 ./Core/Src/main.o
 .debug_macro   0x00000000000201e6       0x89 ./Core/Src/main.o
 .debug_macro   0x000000000002026f      0x8a0 ./Core/Src/main.o
 .debug_macro   0x0000000000020b0f       0x47 ./Core/Src/main.o
 .debug_macro   0x0000000000020b56      0x287 ./Core/Src/main.o
 .debug_macro   0x0000000000020ddd      0x134 ./Core/Src/main.o
 .debug_macro   0x0000000000020f11       0x52 ./Core/Src/main.o
 .debug_macro   0x0000000000020f63       0x1e ./Core/Src/main.o
 .debug_macro   0x0000000000020f81       0x3c ./Core/Src/main.o
 .debug_macro   0x0000000000020fbd       0x34 ./Core/Src/main.o
 .debug_macro   0x0000000000020ff1      0x341 ./Core/Src/main.o
 .debug_macro   0x0000000000021332      0x119 ./Core/Src/main.o
 .debug_macro   0x000000000002144b       0x22 ./Core/Src/main.o
 .debug_macro   0x000000000002146d       0x1c ./Core/Src/main.o
 .debug_macro   0x0000000000021489       0x35 ./Core/Src/main.o
 .debug_macro   0x00000000000214be       0x10 ./Core/Src/main.o
 .debug_macro   0x00000000000214ce       0x16 ./Core/Src/main.o
 .debug_macro   0x00000000000214e4       0x43 ./Core/Src/main.o
 .debug_macro   0x0000000000021527       0x34 ./Core/Src/main.o
 .debug_macro   0x000000000002155b       0x10 ./Core/Src/main.o
 .debug_macro   0x000000000002156b       0x58 ./Core/Src/main.o
 .debug_macro   0x00000000000215c3       0x71 ./Core/Src/main.o
 .debug_macro   0x0000000000021634       0x1c ./Core/Src/main.o
 .debug_macro   0x0000000000021650      0x12a ./Core/Src/main.o
 .debug_macro   0x000000000002177a       0x10 ./Core/Src/main.o
 .debug_macro   0x000000000002178a       0x1c ./Core/Src/main.o
 .debug_macro   0x00000000000217a6       0x52 ./Core/Src/main.o
 .debug_macro   0x00000000000217f8       0x22 ./Core/Src/main.o
 .debug_macro   0x000000000002181a       0x10 ./Core/Src/main.o
 .debug_macro   0x000000000002182a       0x52 ./Core/Src/main.o
 .debug_macro   0x000000000002187c       0xd5 ./Core/Src/main.o
 .debug_macro   0x0000000000021951       0x1c ./Core/Src/main.o
 .debug_macro   0x000000000002196d       0x3d ./Core/Src/main.o
 .debug_macro   0x00000000000219aa       0x16 ./Core/Src/main.o
 .debug_macro   0x00000000000219c0      0x145 ./Core/Src/main.o
 .debug_macro   0x0000000000021b05       0x16 ./Core/Src/main.o
 .debug_macro   0x0000000000021b1b       0x20 ./Core/Src/main.o
 .debug_macro   0x0000000000021b3b      0x22c ./Core/Src/main.o
 .debug_macro   0x0000000000021d67      0x1f1 ./Core/Src/stm32f4xx_hal_msp.o
 .debug_macro   0x0000000000021f58      0x1fb ./Core/Src/stm32f4xx_it.o
 .debug_macro   0x0000000000022153      0x1ed ./Core/Src/system_stm32f4xx.o
 .debug_macro   0x0000000000022340      0x247 ./Drivers/STM32F4xx_HAL_Driver/Src/stm32f4xx_hal.o
 .debug_macro   0x0000000000022587      0x1e7 ./Drivers/STM32F4xx_HAL_Driver/Src/stm32f4xx_hal_cortex.o
 .debug_macro   0x000000000002276e      0x1ed ./Drivers/STM32F4xx_HAL_Driver/Src/stm32f4xx_hal_dma.o
 .debug_macro   0x000000000002295b      0x21d ./Drivers/STM32F4xx_HAL_Driver/Src/stm32f4xx_hal_gpio.o
 .debug_macro   0x0000000000022b78      0x227 ./Drivers/STM32F4xx_HAL_Driver/Src/stm32f4xx_hal_i2c.o
 .debug_macro   0x0000000000022d9f      0x1e7 ./Drivers/STM32F4xx_HAL_Driver/Src/stm32f4xx_hal_i2c_ex.o
 .debug_macro   0x0000000000022f86      0x1ff ./Drivers/STM32F4xx_HAL_Driver/Src/stm32f4xx_hal_pwr_ex.o
 .debug_macro   0x0000000000023185      0x20b ./Drivers/STM32F4xx_HAL_Driver/Src/stm32f4xx_hal_rcc.o
 .debug_macro   0x0000000000023390      0x1e8 ./Drivers/STM32F4xx_HAL_Driver/Src/stm32f4xx_hal_tim.o
 .debug_macro   0x0000000000023578      0x1e7 ./Drivers/STM32F4xx_HAL_Driver/Src/stm32f4xx_hal_tim_ex.o
 .debug_macro   0x000000000002375f      0x1e8 ./Drivers/STM32F4xx_HAL_Driver/Src/stm32f4xx_hal_uart.o

.debug_line     0x0000000000000000    0x10634
 .debug_line    0x0000000000000000     0x11aa ./Core/Src/main.o
 .debug_line    0x00000000000011aa      0x845 ./Core/Src/stm32f4xx_hal_msp.o
 .debug_line    0x00000000000019ef      0x809 ./Core/Src/stm32f4xx_it.o
 .debug_line    0x00000000000021f8      0x7a4 ./Core/Src/system_stm32f4xx.o
 .debug_line    0x000000000000299c       0x86 ./Core/Startup/startup_stm32f427vitx.o
 .debug_line    0x0000000000002a22      0xa3a ./Drivers/STM32F4xx_HAL_Driver/Src/stm32f4xx_hal.o
 .debug_line    0x000000000000345c      0xcb3 ./Drivers/STM32F4xx_HAL_Driver/Src/stm32f4xx_hal_cortex.o
 .debug_line    0x000000000000410f      0xf6f ./Drivers/STM32F4xx_HAL_Driver/Src/stm32f4xx_hal_dma.o
 .debug_line    0x000000000000507e      0xbb4 ./Drivers/STM32F4xx_HAL_Driver/Src/stm32f4xx_hal_gpio.o
 .debug_line    0x0000000000005c32     0x37d6 ./Drivers/STM32F4xx_HAL_Driver/Src/stm32f4xx_hal_i2c.o
 .debug_line    0x0000000000009408      0x797 ./Drivers/STM32F4xx_HAL_Driver/Src/stm32f4xx_hal_i2c_ex.o
 .debug_line    0x0000000000009b9f      0x933 ./Drivers/STM32F4xx_HAL_Driver/Src/stm32f4xx_hal_pwr_ex.o
 .debug_line    0x000000000000a4d2      0xd67 ./Drivers/STM32F4xx_HAL_Driver/Src/stm32f4xx_hal_rcc.o
 .debug_line    0x000000000000b239     0x29ea ./Drivers/STM32F4xx_HAL_Driver/Src/stm32f4xx_hal_tim.o
 .debug_line    0x000000000000dc23     0x11f5 ./Drivers/STM32F4xx_HAL_Driver/Src/stm32f4xx_hal_tim_ex.o
 .debug_line    0x000000000000ee18     0x181c ./Drivers/STM32F4xx_HAL_Driver/Src/stm32f4xx_hal_uart.o

.debug_str      0x0000000000000000    0xd944d
 .debug_str     0x0000000000000000    0xd5b8a ./Core/Src/main.o
                                      0xd5fdb (size before relaxing)
 .debug_str     0x00000000000d5b8a      0x62b ./Core/Src/stm32f4xx_hal_msp.o
                                      0xd1035 (size before relaxing)
 .debug_str     0x00000000000d61b5      0x116 ./Core/Src/stm32f4xx_it.o
                                      0xd06e5 (size before relaxing)
 .debug_str     0x00000000000d62cb       0xf0 ./Core/Src/system_stm32f4xx.o
                                      0xd01d4 (size before relaxing)
 .debug_str     0x00000000000d63bb       0x36 ./Core/Startup/startup_stm32f427vitx.o
                                         0x5c (size before relaxing)
 .debug_str     0x00000000000d63f1      0x63c ./Drivers/STM32F4xx_HAL_Driver/Src/stm32f4xx_hal.o
                                      0xd0dcb (size before relaxing)
 .debug_str     0x00000000000d6a2d      0x32d ./Drivers/STM32F4xx_HAL_Driver/Src/stm32f4xx_hal_cortex.o
                                      0xd0ab0 (size before relaxing)
 .debug_str     0x00000000000d6d5a      0x323 ./Drivers/STM32F4xx_HAL_Driver/Src/stm32f4xx_hal_dma.o
                                      0xd05c6 (size before relaxing)
 .debug_str     0x00000000000d707d      0x1bd ./Drivers/STM32F4xx_HAL_Driver/Src/stm32f4xx_hal_gpio.o
                                      0xd03e7 (size before relaxing)
 .debug_str     0x00000000000d723a      0xa6b ./Drivers/STM32F4xx_HAL_Driver/Src/stm32f4xx_hal_i2c.o
                                      0xd1158 (size before relaxing)
 .debug_str     0x00000000000d7ca5       0x3b ./Drivers/STM32F4xx_HAL_Driver/Src/stm32f4xx_hal_i2c_ex.o
                                      0xd05a2 (size before relaxing)
 .debug_str     0x00000000000d7ce0      0x135 ./Drivers/STM32F4xx_HAL_Driver/Src/stm32f4xx_hal_pwr_ex.o
                                      0xd0397 (size before relaxing)
 .debug_str     0x00000000000d7e15      0x208 ./Drivers/STM32F4xx_HAL_Driver/Src/stm32f4xx_hal_rcc.o
                                      0xd05f3 (size before relaxing)
 .debug_str     0x00000000000d801d      0xc32 ./Drivers/STM32F4xx_HAL_Driver/Src/stm32f4xx_hal_tim.o
                                      0xd1318 (size before relaxing)
 .debug_str     0x00000000000d8c4f      0x395 ./Drivers/STM32F4xx_HAL_Driver/Src/stm32f4xx_hal_tim_ex.o
                                      0xd0b61 (size before relaxing)
 .debug_str     0x00000000000d8fe4      0x469 ./Drivers/STM32F4xx_HAL_Driver/Src/stm32f4xx_hal_uart.o
                                      0xd0a58 (size before relaxing)

.comment        0x0000000000000000       0x50
 .comment       0x0000000000000000       0x50 ./Core/Src/main.o
                                         0x51 (size before relaxing)
 .comment       0x0000000000000050       0x51 ./Core/Src/stm32f4xx_hal_msp.o
 .comment       0x0000000000000050       0x51 ./Core/Src/stm32f4xx_it.o
 .comment       0x0000000000000050       0x51 ./Core/Src/system_stm32f4xx.o
 .comment       0x0000000000000050       0x51 ./Drivers/STM32F4xx_HAL_Driver/Src/stm32f4xx_hal.o
 .comment       0x0000000000000050       0x51 ./Drivers/STM32F4xx_HAL_Driver/Src/stm32f4xx_hal_cortex.o
 .comment       0x0000000000000050       0x51 ./Drivers/STM32F4xx_HAL_Driver/Src/stm32f4xx_hal_dma.o
 .comment       0x0000000000000050       0x51 ./Drivers/STM32F4xx_HAL_Driver/Src/stm32f4xx_hal_gpio.o
 .comment       0x0000000000000050       0x51 ./Drivers/STM32F4xx_HAL_Driver/Src/stm32f4xx_hal_i2c.o
 .comment       0x0000000000000050       0x51 ./Drivers/STM32F4xx_HAL_Driver/Src/stm32f4xx_hal_i2c_ex.o
 .comment       0x0000000000000050       0x51 ./Drivers/STM32F4xx_HAL_Driver/Src/stm32f4xx_hal_pwr_ex.o
 .comment       0x0000000000000050       0x51 ./Drivers/STM32F4xx_HAL_Driver/Src/stm32f4xx_hal_rcc.o
 .comment       0x0000000000000050       0x51 ./Drivers/STM32F4xx_HAL_Driver/Src/stm32f4xx_hal_tim.o
 .comment       0x0000000000000050       0x51 ./Drivers/STM32F4xx_HAL_Driver/Src/stm32f4xx_hal_tim_ex.o
 .comment       0x0000000000000050       0x51 ./Drivers/STM32F4xx_HAL_Driver/Src/stm32f4xx_hal_uart.o

.debug_frame    0x0000000000000000     0x4244
 .debug_frame   0x0000000000000000      0x3cc ./Core/Src/main.o
 .debug_frame   0x00000000000003cc      0x134 ./Core/Src/stm32f4xx_hal_msp.o
 .debug_frame   0x0000000000000500      0x144 ./Core/Src/stm32f4xx_it.o
 .debug_frame   0x0000000000000644       0x58 ./Core/Src/system_stm32f4xx.o
 .debug_frame   0x000000000000069c      0x3b4 ./Drivers/STM32F4xx_HAL_Driver/Src/stm32f4xx_hal.o
 .debug_frame   0x0000000000000a50      0x498 ./Drivers/STM32F4xx_HAL_Driver/Src/stm32f4xx_hal_cortex.o
 .debug_frame   0x0000000000000ee8      0x250 ./Drivers/STM32F4xx_HAL_Driver/Src/stm32f4xx_hal_dma.o
 .debug_frame   0x0000000000001138      0x14c ./Drivers/STM32F4xx_HAL_Driver/Src/stm32f4xx_hal_gpio.o
 .debug_frame   0x0000000000001284      0xc38 ./Drivers/STM32F4xx_HAL_Driver/Src/stm32f4xx_hal_i2c.o
 .debug_frame   0x0000000000001ebc       0x60 ./Drivers/STM32F4xx_HAL_Driver/Src/stm32f4xx_hal_i2c_ex.o
 .debug_frame   0x0000000000001f1c      0x14c ./Drivers/STM32F4xx_HAL_Driver/Src/stm32f4xx_hal_pwr_ex.o
 .debug_frame   0x0000000000002068      0x1f4 ./Drivers/STM32F4xx_HAL_Driver/Src/stm32f4xx_hal_rcc.o
 .debug_frame   0x000000000000225c     0x10f0 ./Drivers/STM32F4xx_HAL_Driver/Src/stm32f4xx_hal_tim.o
 .debug_frame   0x000000000000334c      0x5c0 ./Drivers/STM32F4xx_HAL_Driver/Src/stm32f4xx_hal_tim_ex.o
 .debug_frame   0x000000000000390c      0x844 ./Drivers/STM32F4xx_HAL_Driver/Src/stm32f4xx_hal_uart.o
 .debug_frame   0x0000000000004150       0x2c d:/itmo/4 year/pvs/stm32cubeide_1.9.0/stm32cubeide/plugins/com.st.stm32cube.ide.mcu.externaltools.gnu-tools-for-stm32.10.3-2021.10.win32_1.0.0.202111181127/tools/bin/../lib/gcc/arm-none-eabi/10.3.1/../../../../arm-none-eabi/lib/thumb/v7e-m+fp/hard\libc_nano.a(lib_a-init.o)
 .debug_frame   0x000000000000417c       0x28 d:/itmo/4 year/pvs/stm32cubeide_1.9.0/stm32cubeide/plugins/com.st.stm32cube.ide.mcu.externaltools.gnu-tools-for-stm32.10.3-2021.10.win32_1.0.0.202111181127/tools/bin/../lib/gcc/arm-none-eabi/10.3.1/../../../../arm-none-eabi/lib/thumb/v7e-m+fp/hard\libc_nano.a(lib_a-memcpy-stub.o)
 .debug_frame   0x00000000000041a4       0x20 d:/itmo/4 year/pvs/stm32cubeide_1.9.0/stm32cubeide/plugins/com.st.stm32cube.ide.mcu.externaltools.gnu-tools-for-stm32.10.3-2021.10.win32_1.0.0.202111181127/tools/bin/../lib/gcc/arm-none-eabi/10.3.1/../../../../arm-none-eabi/lib/thumb/v7e-m+fp/hard\libc_nano.a(lib_a-memset.o)
 .debug_frame   0x00000000000041c4       0x20 d:/itmo/4 year/pvs/stm32cubeide_1.9.0/stm32cubeide/plugins/com.st.stm32cube.ide.mcu.externaltools.gnu-tools-for-stm32.10.3-2021.10.win32_1.0.0.202111181127/tools/bin/../lib/gcc/arm-none-eabi/10.3.1/../../../../arm-none-eabi/lib/thumb/v7e-m+fp/hard\libc_nano.a(lib_a-strcpy.o)
 .debug_frame   0x00000000000041e4       0x2c d:/itmo/4 year/pvs/stm32cubeide_1.9.0/stm32cubeide/plugins/com.st.stm32cube.ide.mcu.externaltools.gnu-tools-for-stm32.10.3-2021.10.win32_1.0.0.202111181127/tools/bin/../lib/gcc/arm-none-eabi/10.3.1/thumb/v7e-m+fp/hard\libgcc.a(_aeabi_uldivmod.o)
 .debug_frame   0x0000000000004210       0x34 d:/itmo/4 year/pvs/stm32cubeide_1.9.0/stm32cubeide/plugins/com.st.stm32cube.ide.mcu.externaltools.gnu-tools-for-stm32.10.3-2021.10.win32_1.0.0.202111181127/tools/bin/../lib/gcc/arm-none-eabi/10.3.1/thumb/v7e-m+fp/hard\libgcc.a(_udivmoddi4.o)
