../Core/Src/main.c:94:13:buf_init	16	static
../Core/Src/main.c:100:13:buf_push	56	static
../Core/Src/main.c:118:13:buf_pop	32	static
../Core/Src/main.c:155:6:enable_interrupt	16	static
../Core/Src/main.c:159:6:disable_interrupt	16	static
../Core/Src/main.c:163:6:transmit_uart	24	static
../Core/Src/main.c:177:6:transmit_uart_nl	24	static
../Core/Src/main.c:182:6:receive_uart	24	static
../Core/Src/main.c:201:6:HAL_UART_RxCpltCallback	16	static
../Core/Src/main.c:206:6:HAL_UART_TxCpltCallback	1040	static
../Core/Src/main.c:232:6:play_melody	24	static
../Core/Src/main.c:241:6:HAL_TIM_PeriodElapsedCallback	16	static
../Core/Src/main.c:285:6:is_btn_press	8	static
../Core/Src/main.c:292:5:get_pressed_btn_index	64	static
../Core/Src/main.c:347:6:key2char	16	static
../Core/Src/main.c:351:13:set_green_led	16	static
../Core/Src/main.c:353:13:set_yellow_led	16	static
../Core/Src/main.c:355:13:set_red_led	16	static
../Core/Src/main.c:364:5:main	4416	static
../Core/Src/main.c:805:6:SystemClock_Config	88	static
../Core/Src/main.c:854:13:MX_I2C1_Init	8	static
../Core/Src/main.c:900:13:MX_TIM1_Init	96	static
../Core/Src/main.c:975:13:MX_TIM6_Init	16	static
../Core/Src/main.c:1013:13:MX_USART6_UART_Init	8	static
../Core/Src/main.c:1046:13:MX_GPIO_Init	48	static
../Core/Src/main.c:1083:6:Error_Handler	4	static
